Component: ARM Compiler 5.05 update 1 (build 106) Tool: armlink [4d0efa]

==============================================================================

Section Cross References

    bsp.o(i.BSP_CPU_ClkFreq) refers to stm32f10x_rcc.o(i.RCC_GetClocksFreq) for RCC_GetClocksFreq
    bsp.o(i.BSP_Init) refers to led.o(i.LED_Init) for LED_Init
    bsp.o(i.BSP_Init) refers to usart.o(i.uart_inint) for uart_inint
    bsp.o(i.BSP_Init) refers to esp8266.o(i.esp8266_gpio_init) for esp8266_gpio_init
    bsp.o(i.BSP_Init) refers to i2c.o(i.i2c_init) for i2c_init
    bsp.o(i.BSP_Init) refers to e2prom.o(i.e2prom_init) for e2prom_init
    bsp.o(i.BSP_Init) refers to spi_flash.o(i.SPI3_init) for SPI3_init
    bsp.o(i.BSP_Init) refers to beep.o(i.beep_init) for beep_init
    bsp.o(i.BSP_Init) refers to 38k.o(i.led_38k_init) for led_38k_init
    bsp.o(i.BSP_Init) refers to 38k.o(i.led_38k_test) for led_38k_test
    bsp.o(i.BSP_Init) refers to i2s.o(i.I2S_Bus_Init) for I2S_Bus_Init
    bsp.o(i.BSP_Init) refers to i2s.o(i.wav_pre_read) for wav_pre_read
    bsp.o(i.BSP_Init) refers to bulet_box.o(i.bulet_box_init) for bulet_box_init
    bsp.o(i.BSP_Init) refers to trigger.o(i.trigger_init) for trigger_init
    bsp.o(i.CPU_TS_TmrInit) refers to bsp.o(i.BSP_CPU_ClkFreq) for BSP_CPU_ClkFreq
    bsp.o(i.CPU_TS_TmrInit) refers to cpu_core.o(i.CPU_TS_TmrFreqSet) for CPU_TS_TmrFreqSet
    main.o(i.AppTaskStart) refers to bsp.o(i.BSP_CPU_ClkFreq) for BSP_CPU_ClkFreq
    main.o(i.AppTaskStart) refers to os_cpu_c.o(i.OS_CPU_SysTickInit) for OS_CPU_SysTickInit
    main.o(i.AppTaskStart) refers to bsp.o(i.BSP_Init) for BSP_Init
    main.o(i.AppTaskStart) refers to gun.o(i.main_loop) for main_loop
    main.o(i.AppTaskStart) refers to os_cfg_app.o(.constdata) for OSCfg_TickRate_Hz
    main.o(i.main) refers to os_core.o(i.OSInit) for OSInit
    main.o(i.main) refers to os_task.o(i.OSTaskCreate) for OSTaskCreate
    main.o(i.main) refers to os_core.o(i.OSStart) for OSStart
    main.o(i.main) refers to main.o(.bss) for AppTaskStartStk
    main.o(i.main) refers to main.o(i.AppTaskStart) for AppTaskStart
    clothes.o(i.str2chars) refers to strlen.o(.text) for strlen
    clothes.o(i.str2chars) refers to memcpya.o(.text) for __aeabi_memcpy
    gun.o(i.active_request) refers to gun.o(i.int2chars) for int2chars
    gun.o(i.active_request) refers to gun.o(i.sendto_host) for sendto_host
    gun.o(i.active_request) refers to gun.o(.data) for packageID
    gun.o(i.get_actived_state) refers to gun.o(.data) for actived
    gun.o(i.hb_task) refers to gun.o(i.upload_heartbeat) for upload_heartbeat
    gun.o(i.hb_task) refers to os_time.o(i.OSTimeDlyHMSM) for OSTimeDlyHMSM
    gun.o(i.key_insert_cb) refers to os_task.o(i.OSTaskDel) for OSTaskDel
    gun.o(i.key_insert_cb) refers to gun.o(i.net_init) for net_init
    gun.o(i.key_insert_cb) refers to gun.o(i.start_gun_tasks) for start_gun_tasks
    gun.o(i.key_insert_cb) refers to gun.o(i.active_request) for active_request
    gun.o(i.key_insert_cb) refers to os_time.o(i.OSTimeDlyHMSM) for OSTimeDlyHMSM
    gun.o(i.key_insert_cb) refers to gun.o(.bss) for RecvTaskStkTCB
    gun.o(i.key_insert_cb) refers to gun.o(.data) for actived
    gun.o(i.main_loop) refers to bulet_box.o(i.get_buletLeft) for get_buletLeft
    gun.o(i.main_loop) refers to key.o(i.key_init) for key_init
    gun.o(i.main_loop) refers to gun.o(i.net_init) for net_init
    gun.o(i.main_loop) refers to gun.o(i.start_gun_tasks) for start_gun_tasks
    gun.o(i.main_loop) refers to gun.o(i.upload_status_data) for upload_status_data
    gun.o(i.main_loop) refers to os_time.o(i.OSTimeDlyHMSM) for OSTimeDlyHMSM
    gun.o(i.main_loop) refers to gun.o(i.key_insert_cb) for key_insert_cb
    gun.o(i.net_init) refers to memcpya.o(.text) for __aeabi_memcpy4
    gun.o(i.net_init) refers to key.o(i.get_ip_suffix) for get_ip_suffix
    gun.o(i.net_init) refers to printf3.o(i.__0sprintf$3) for __2sprintf
    gun.o(i.net_init) refers to esp8266.o(i.set_auto_conn) for set_auto_conn
    gun.o(i.net_init) refers to gun.o(i.err_log) for err_log
    gun.o(i.net_init) refers to esp8266.o(i.close_conn) for close_conn
    gun.o(i.net_init) refers to esp8266.o(i.set_echo) for set_echo
    gun.o(i.net_init) refers to esp8266.o(i.set_mode) for set_mode
    gun.o(i.net_init) refers to esp8266.o(i.connect_ap) for connect_ap
    gun.o(i.net_init) refers to esp8266.o(i.set_ip) for set_ip
    gun.o(i.net_init) refers to esp8266.o(i.set_mux) for set_mux
    gun.o(i.net_init) refers to esp8266.o(i.udp_close) for udp_close
    gun.o(i.net_init) refers to esp8266.o(i.udp_setup) for udp_setup
    gun.o(i.net_init) refers to gun.o(.constdata) for .constdata
    gun.o(i.recv_host_handler) refers to gun.o(i.char2u32) for char2u32
    gun.o(i.recv_host_handler) refers to gun.o(.data) for characCode
    gun.o(i.recv_lcd_handler) refers to gun.o(i.sendto_host) for sendto_host
    gun.o(i.recv_rifle_handler) refers to gun.o(i.sendto_host) for sendto_host
[...]
    __main                                   0x08000131   Thumb Code     0  entry.o(.ARM.Collect$$$$00000000)
    _main_stk                                0x08000131   Thumb Code     0  entry2.o(.ARM.Collect$$$$00000001)
    _main_scatterload                        0x08000135   Thumb Code     0  entry5.o(.ARM.Collect$$$$00000004)
    __main_after_scatterload                 0x08000139   Thumb Code     0  entry5.o(.ARM.Collect$$$$00000004)
    _main_clock                              0x08000139   Thumb Code     0  entry7b.o(.ARM.Collect$$$$00000008)
    _main_cpp_init                           0x08000139   Thumb Code     0  entry8b.o(.ARM.Collect$$$$0000000A)
    _main_init                               0x08000139   Thumb Code     0  entry9a.o(.ARM.Collect$$$$0000000B)
    __rt_final_cpp                           0x08000141   Thumb Code     0  entry10a.o(.ARM.Collect$$$$0000000D)
    __rt_final_exit                          0x08000141   Thumb Code     0  entry11a.o(.ARM.Collect$$$$0000000F)
    Reset_Handler                            0x08000145   Thumb Code     8  startup_stm32f10x_hd.o(.text)
    ADC1_2_IRQHandler                        0x0800015f   Thumb Code     0  startup_stm32f10x_hd.o(.text)
    ADC3_IRQHandler                          0x0800015f   Thumb Code     0  startup_stm32f10x_hd.o(.text)
    CAN1_RX1_IRQHandler                      0x0800015f   Thumb Code     0  startup_stm32f10x_hd.o(.text)
    CAN1_SCE_IRQHandler                      0x0800015f   Thumb Code     0  startup_stm32f10x_hd.o(.text)
    DMA1_Channel1_IRQHandler                 0x0800015f   Thumb Code     0  startup_stm32f10x_hd.o(.text)
    DMA1_Channel2_IRQHandler                 0x0800015f   Thumb Code     0  startup_stm32f10x_hd.o(.text)
    DMA1_Channel3_IRQHandler                 0x0800015f   Thumb Code     0  startup_stm32f10x_hd.o(.text)
    DMA1_Channel4_IRQHandler                 0x0800015f   Thumb Code     0  startup_stm32f10x_hd.o(.text)
    DMA1_Channel6_IRQHandler                 0x0800015f   Thumb Code     0  startup_stm32f10x_hd.o(.text)
    DMA1_Channel7_IRQHandler                 0x0800015f   Thumb Code     0  startup_stm32f10x_hd.o(.text)
    DMA2_Channel1_IRQHandler                 0x0800015f   Thumb Code     0  startup_stm32f10x_hd.o(.text)
    DMA2_Channel2_IRQHandler                 0x0800015f   Thumb Code     0  startup_stm32f10x_hd.o(.text)
    DMA2_Channel3_IRQHandler                 0x0800015f   Thumb Code     0  startup_stm32f10x_hd.o(.text)
    DMA2_Channel4_5_IRQHandler               0x0800015f   Thumb Code     0  startup_stm32f10x_hd.o(.text)
    EXTI0_IRQHandler                         0x0800015f   Thumb Code     0  startup_stm32f10x_hd.o(.text)
    EXTI15_10_IRQHandler                     0x0800015f   Thumb Code     0  startup_stm32f10x_hd.o(.text)
    EXTI1_IRQHandler                         0x0800015f   Thumb Code     0  startup_stm32f10x_hd.o(.text)
    EXTI2_IRQHandler                         0x0800015f   Thumb Code     0  startup_stm32f10x_hd.o(.text)
    EXTI3_IRQHandler                         0x0800015f   Thumb Code     0  startup_stm32f10x_hd.o(.text)
    EXTI4_IRQHandler                         0x0800015f   Thumb Code     0  startup_stm32f10x_hd.o(.text)
    EXTI9_5_IRQHandler                       0x0800015f   Thumb Code     0  startup_stm32f10x_hd.o(.text)
    FLASH_IRQHandler                         0x0800015f   Thumb Code     0  startup_stm32f10x_hd.o(.text)
    FSMC_IRQHandler                          0x0800015f   Thumb Code     0  startup_stm32f10x_hd.o(.text)
    I2C1_ER_IRQHandler                       0x0800015f   Thumb Code     0  startup_stm32f10x_hd.o(.text)
    I2C2_ER_IRQHandler                       0x0800015f   Thumb Code     0  startup_stm32f10x_hd.o(.text)
    I2C2_EV_IRQHandler                       0x0800015f   Thumb Code     0  startup_stm32f10x_hd.o(.text)
    PVD_IRQHandler                           0x0800015f   Thumb Code     0  startup_stm32f10x_hd.o(.text)
    RCC_IRQHandler                           0x0800015f   Thumb Code     0  startup_stm32f10x_hd.o(.text)
    RTCAlarm_IRQHandler                      0x0800015f   Thumb Code     0  startup_stm32f10x_hd.o(.text)
    RTC_IRQHandler                           0x0800015f   Thumb Code     0  startup_stm32f10x_hd.o(.text)
    SDIO_IRQHandler                          0x0800015f   Thumb Code     0  startup_stm32f10x_hd.o(.text)
    SPI1_IRQHandler                          0x0800015f   Thumb Code     0  startup_stm32f10x_hd.o(.text)
    SPI3_IRQHandler                          0x0800015f   Thumb Code     0  startup_stm32f10x_hd.o(.text)
    TAMPER_IRQHandler                        0x0800015f   Thumb Code     0  startup_stm32f10x_hd.o(.text)
    TIM1_BRK_IRQHandler                      0x0800015f   Thumb Code     0  startup_stm32f10x_hd.o(.text)
    TIM1_CC_IRQHandler                       0x0800015f   Thumb Code     0  startup_stm32f10x_hd.o(.text)
    TIM1_TRG_COM_IRQHandler                  0x0800015f   Thumb Code     0  startup_stm32f10x_hd.o(.text)
    TIM1_UP_IRQHandler                       0x0800015f   Thumb Code     0  startup_stm32f10x_hd.o(.text)
    TIM2_IRQHandler                          0x0800015f   Thumb Code     0  startup_stm32f10x_hd.o(.text)
    TIM3_IRQHandler                          0x0800015f   Thumb Code     0  startup_stm32f10x_hd.o(.text)
    TIM4_IRQHandler                          0x0800015f   Thumb Code     0  startup_stm32f10x_hd.o(.text)
    TIM5_IRQHandler                          0x0800015f   Thumb Code     0  startup_stm32f10x_hd.o(.text)
    TIM6_IRQHandler                          0x0800015f   Thumb Code     0  startup_stm32f10x_hd.o(.text)
    TIM7_IRQHandler                          0x0800015f   Thumb Code     0  startup_stm32f10x_hd.o(.text)
    TIM8_BRK_IRQHandler                      0x0800015f   Thumb Code     0  startup_stm32f10x_hd.o(.text)
    TIM8_CC_IRQHandler                       0x0800015f   Thumb Code     0  startup_stm32f10x_hd.o(.text)
    TIM8_TRG_COM_IRQHandler                  0x0800015f   Thumb Code     0  startup_stm32f10x_hd.o(.text)
    TIM8_UP_IRQHandler                       0x0800015f   Thumb Code     0  startup_stm32f10x_hd.o(.text)
    UART4_IRQHandler                         0x0800015f   Thumb Code     0  startup_stm32f10x_hd.o(.text)
    UART5_IRQHandler                         0x0800015f   Thumb Code     0  startup_stm32f10x_hd.o(.text)
    USART2_IRQHandler                        0x0800015f   Thumb Code     0  startup_stm32f10x_hd.o(.text)
    USBWakeUp_IRQHandler                     0x0800015f   Thumb Code     0  startup_stm32f10x_hd.o(.text)
    USB_HP_CAN1_TX_IRQHandler                0x0800015f   Thumb Code     0  startup_stm32f10x_hd.o(.text)
    USB_LP_CAN1_RX0_IRQHandler               0x0800015f   Thumb Code     0  startup_stm32f10x_hd.o(.text)
    WWDG_IRQHandler                          0x0800015f   Thumb Code     0  startup_stm32f10x_hd.o(.text)
    CPU_IntDis                               0x08000169   Thumb Code     0  cpu_a.o(.text)
    CPU_IntEn                                0x0800016d   Thumb Code     0  cpu_a.o(.text)
    CPU_SR_Save                              0x08000171   Thumb Code     0  cpu_a.o(.text)
    CPU_SR_Restore                           0x08000179   Thumb Code     0  cpu_a.o(.text)
    CPU_CntLeadZeros                         0x0800017f   Thumb Code     0  cpu_a.o(.text)
    CPU_RevBits                              0x08000185   Thumb Code     0  cpu_a.o(.text)
    CPU_WaitForInt                           0x0800018b   Thumb Code     0  cpu_a.o(.text)
    CPU_WaitForExcept                        0x0800018f   Thumb Code     0  cpu_a.o(.text)
    OSStartHighRdy                           0x08000195   Thumb Code     0  os_cpu_a.o(.text)
    OS_CPU_PendSVHandler                     0x080001b7   Thumb Code     0  os_cpu_a.o(.text)
    __aeabi_uldivmod                         0x08000219   Thumb Code    98  uldiv.o(.text)
    __aeabi_memcpy                           0x0800027b   Thumb Code    36  memcpya.o(.text)
    __aeabi_memcpy4                          0x0800027b   Thumb Code     0  memcpya.o(.text)
    __aeabi_memcpy8                          0x0800027b   Thumb Code     0  memcpya.o(.text)
    __aeabi_memset                           0x0800029f   Thumb Code    14  memseta.o(.text)
    __aeabi_memset4                          0x0800029f   Thumb Code     0  memseta.o(.text)
    __aeabi_memset8                          0x0800029f   Thumb Code     0  memseta.o(.text)
    __aeabi_memclr                           0x080002ad   Thumb Code     4  memseta.o(.text)
    __aeabi_memclr4                          0x080002ad   Thumb Code     0  memseta.o(.text)
    __aeabi_memclr8                          0x080002ad   Thumb Code     0  memseta.o(.text)
    _memset$wrapper                          0x080002b1   Thumb Code    18  memseta.o(.text)
    strlen                                   0x080002c3   Thumb Code    14  strlen.o(.text)
    strncmp                                  0x080002d1   Thumb Code    30  strncmp.o(.text)
    __aeabi_uidiv                            0x080002ef   Thumb Code     0  uidiv.o(.text)
    __aeabi_uidivmod                         0x080002ef   Thumb Code    44  uidiv.o(.text)
    __aeabi_llsl                             0x0800031b   Thumb Code    30  llshl.o(.text)
    _ll_shift_l                              0x0800031b   Thumb Code     0  llshl.o(.text)
    __aeabi_llsr                             0x08000339   Thumb Code    32  llushr.o(.text)
    _ll_ushift_r                             0x08000339   Thumb Code     0  llushr.o(.text)
    __scatterload                            0x08000359   Thumb Code    28  init.o(.text)
    __scatterload_rt2                        0x08000359   Thumb Code     0  init.o(.text)
    __decompress                             0x0800037d   Thumb Code     0  __dczerorl2.o(.text)
    __decompress1                            0x0800037d   Thumb Code    86  __dczerorl2.o(.text)
    AUDIO_TransferComplete                   0x080003d5   Thumb Code   112  i2s.o(i.AUDIO_TransferComplete)
    Audio_MAL_Play                           0x08000481   Thumb Code    52  i2s.o(i.Audio_MAL_Play)
    BSP_CPU_ClkFreq                          0x080004c1   Thumb Code    16  bsp.o(i.BSP_CPU_ClkFreq)
    BSP_Init                                 0x080004d1   Thumb Code    56  bsp.o(i.BSP_Init)
    BusFault_Handler                         0x08000509   Thumb Code     4  stm32f10x_it.o(i.BusFault_Handler)
    CPU_IntDisMeasMaxCurGet                  0x08000529   Thumb Code    40  cpu_core.o(i.CPU_IntDisMeasMaxCurGet)
    CPU_IntDisMeasMaxCurReset                0x08000555   Thumb Code    40  cpu_core.o(i.CPU_IntDisMeasMaxCurReset)
    CPU_IntDisMeasMaxGet                     0x08000581   Thumb Code    40  cpu_core.o(i.CPU_IntDisMeasMaxGet)
    CPU_IntDisMeasStart                      0x080005ad   Thumb Code    38  cpu_core.o(i.CPU_IntDisMeasStart)
    CPU_IntDisMeasStop                       0x080005e1   Thumb Code    62  cpu_core.o(i.CPU_IntDisMeasStop)
    CPU_TS_TmrRd                             0x08000635   Thumb Code     6  bsp.o(i.CPU_TS_TmrRd)
    DMA1_Channel5_IRQHandler                 0x08000641   Thumb Code   176  i2s.o(i.DMA1_Channel5_IRQHandler)
    DMA_ClearFlag                            0x08000701   Thumb Code    18  stm32f10x_dma.o(i.DMA_ClearFlag)
    DMA_Cmd                                  0x0800071d   Thumb Code    24  stm32f10x_dma.o(i.DMA_Cmd)
    DMA_GetFlagStatus                        0x08000735   Thumb Code    36  stm32f10x_dma.o(i.DMA_GetFlagStatus)
    DMA_I2S_Configuration                    0x08000761   Thumb Code   118  i2s.o(i.DMA_I2S_Configuration)
    DMA_ITConfig                             0x080007e5   Thumb Code    18  stm32f10x_dma.o(i.DMA_ITConfig)
    DMA_Init                                 0x080007f7   Thumb Code    60  stm32f10x_dma.o(i.DMA_Init)
    DebugMon_Handler                         0x08000833   Thumb Code     2  stm32f10x_it.o(i.DebugMon_Handler)
    FlashWaitBusy                            0x08000835   Thumb Code    48  spi_flash.o(i.FlashWaitBusy)
    GPIO_Init                                0x08000869   Thumb Code   278  stm32f10x_gpio.o(i.GPIO_Init)
    GPIO_PinRemapConfig                      0x08000981   Thumb Code   138  stm32f10x_gpio.o(i.GPIO_PinRemapConfig)
    GPIO_ReadInputDataBit                    0x08000a11   Thumb Code    18  stm32f10x_gpio.o(i.GPIO_ReadInputDataBit)
    GPIO_ResetBits                           0x08000a23   Thumb Code     4  stm32f10x_gpio.o(i.GPIO_ResetBits)
    GPIO_SetBits                             0x08000a27   Thumb Code     4  stm32f10x_gpio.o(i.GPIO_SetBits)
    GPIO_WriteBit                            0x08000a2b   Thumb Code    10  stm32f10x_gpio.o(i.GPIO_WriteBit)
    HardFault_Handler                        0x08000a35   Thumb Code     4  stm32f10x_it.o(i.HardFault_Handler)
    I2C1_EV_IRQHandler                       0x08000a39   Thumb Code   468  e2prom.o(i.I2C1_EV_IRQHandler)
    I2C_AcknowledgeConfig                    0x08000c19   Thumb Code    24  stm32f10x_i2c.o(i.I2C_AcknowledgeConfig)
    I2C_Cmd                                  0x08000c31   Thumb Code    24  stm32f10x_i2c.o(i.I2C_Cmd)
    I2C_DeInit                               0x08000c49   Thumb Code    50  stm32f10x_i2c.o(i.I2C_DeInit)
    I2C_GenerateSTART                        0x08000c81   Thumb Code    24  stm32f10x_i2c.o(i.I2C_GenerateSTART)
    I2C_GenerateSTOP                         0x08000c99   Thumb Code    24  stm32f10x_i2c.o(i.I2C_GenerateSTOP)
    I2C_GetFlagStatus                        0x08000cb1   Thumb Code    58  stm32f10x_i2c.o(i.I2C_GetFlagStatus)
    I2C_GetLastEvent                         0x08000ceb   Thumb Code    26  stm32f10x_i2c.o(i.I2C_GetLastEvent)
    I2C_ITConfig                             0x08000d05   Thumb Code    18  stm32f10x_i2c.o(i.I2C_ITConfig)
    I2C_Init                                 0x08000d19   Thumb Code   222  stm32f10x_i2c.o(i.I2C_Init)
    I2C_ReceiveData                          0x08000e05   Thumb Code     8  stm32f10x_i2c.o(i.I2C_ReceiveData)
    I2C_Send7bitAddress                      0x08000e0d   Thumb Code    18  stm32f10x_i2c.o(i.I2C_Send7bitAddress)
    I2C_SendData                             0x08000e1f   Thumb Code     4  stm32f10x_i2c.o(i.I2C_SendData)
    I2S_Bus_Init                             0x08000e25   Thumb Code    38  i2s.o(i.I2S_Bus_Init)
    I2S_Cmd                                  0x08000e51   Thumb Code    24  stm32f10x_spi.o(i.I2S_Cmd)
    I2S_Freq_Config                          0x08000e69   Thumb Code    60  i2s.o(i.I2S_Freq_Config)
    I2S_Init                                 0x08000f15   Thumb Code   226  stm32f10x_spi.o(i.I2S_Init)
    I2S_Stop                                 0x08001035   Thumb Code    20  i2s.o(i.I2S_Stop)
    LED_Init                                 0x08001051   Thumb Code    98  led.o(i.LED_Init)
    MemManage_Handler                        0x080010bd   Thumb Code     4  stm32f10x_it.o(i.MemManage_Handler)
    NMI_Handler                              0x080010c1   Thumb Code     2  stm32f10x_it.o(i.NMI_Handler)
    NVIC_Init                                0x080010c5   Thumb Code   100  misc.o(i.NVIC_Init)
    NVIC_PriorityGroupConfig                 0x08001135   Thumb Code    10  misc.o(i.NVIC_PriorityGroupConfig)
    OSCfg_Init                               0x08001149   Thumb Code    86  os_cfg_app.o(i.OSCfg_Init)
    OSIdleTaskHook                           0x08001245   Thumb Code    16  os_cpu_c.o(i.OSIdleTaskHook)
    OSInit                                   0x08001259   Thumb Code   276  os_core.o(i.OSInit)
    OSInitHook                               0x080013b5   Thumb Code    20  os_cpu_c.o(i.OSInitHook)
    OSIntEnter                               0x080013d5   Thumb Code    34  os_core.o(i.OSIntEnter)
    OSIntExit                                0x08001401   Thumb Code   192  os_core.o(i.OSIntExit)
    OSSched                                  0x080014e5   Thumb Code   134  os_core.o(i.OSSched)
    OSSchedLock                              0x0800158d   Thumb Code   112  os_core.o(i.OSSchedLock)
    OSSchedUnlock                            0x08001609   Thumb Code   148  os_core.o(i.OSSchedUnlock)
    OSSemCreate                              0x080016a9   Thumb Code   124  os_sem.o(i.OSSemCreate)
    OSSemPend                                0x08001731   Thumb Code   524  os_sem.o(i.OSSemPend)
    OSSemPost                                0x0800194d   Thumb Code   102  os_sem.o(i.OSSemPost)
    OSStart                                  0x080019bd   Thumb Code    78  os_core.o(i.OSStart)
    OSStatReset                              0x08001a25   Thumb Code   204  os_stat.o(i.OSStatReset)
    OSStatTaskHook                           0x08001b15   Thumb Code    16  os_cpu_c.o(i.OSStatTaskHook)
    OSTaskCreate                             0x08001b29   Thumb Code   624  os_task.o(i.OSTaskCreate)
    OSTaskCreateHook                         0x08001dbd   Thumb Code    20  os_cpu_c.o(i.OSTaskCreateHook)
    OSTaskDel                                0x08001dd5   Thumb Code   490  os_task.o(i.OSTaskDel)
    OSTaskDelHook                            0x08001fdd   Thumb Code    20  os_cpu_c.o(i.OSTaskDelHook)
    OSTaskReturnHook                         0x08001ff5   Thumb Code    20  os_cpu_c.o(i.OSTaskReturnHook)
    OSTaskSemPend                            0x0800200d   Thumb Code   552  os_task.o(i.OSTaskSemPend)
    OSTaskStkChk                             0x08002241   Thumb Code   220  os_task.o(i.OSTaskStkChk)
    OSTaskStkInit                            0x08002325   Thumb Code   188  os_cpu_c.o(i.OSTaskStkInit)
    OSTaskSwHook                             0x080023e5   Thumb Code   154  os_cpu_c.o(i.OSTaskSwHook)
    OSTimeDly                                0x08002491   Thumb Code   322  os_time.o(i.OSTimeDly)
    OSTimeDlyHMSM                            0x080025e1   Thumb Code   538  os_time.o(i.OSTimeDlyHMSM)
    OSTimeTick                               0x0800280d   Thumb Code    54  os_time.o(i.OSTimeTick)
    OSTimeTickHook                           0x08002851   Thumb Code    16  os_cpu_c.o(i.OSTimeTickHook)
    OS_CPU_SysTickHandler                    0x08002865   Thumb Code    60  os_cpu_c.o(i.OS_CPU_SysTickHandler)
    OS_CPU_SysTickInit                       0x080028a5   Thumb Code    44  os_cpu_c.o(i.OS_CPU_SysTickInit)
    OS_Dbg_Init                              0x080028d5   Thumb Code   146  os_dbg.o(i.OS_Dbg_Init)
    OS_FlagInit                              0x08002a85   Thumb Code    14  os_flag.o(i.OS_FlagInit)
    OS_FlagPost                              0x08002a9d   Thumb Code   626  os_flag.o(i.OS_FlagPost)
    OS_FlagTaskRdy                           0x08002d19   Thumb Code    86  os_flag.o(i.OS_FlagTaskRdy)
    OS_IdleTask                              0x08002d71   Thumb Code    68  os_core.o(i.OS_IdleTask)
    OS_IdleTaskInit                          0x08002dbd   Thumb Code    66  os_core.o(i.OS_IdleTaskInit)
    OS_IntQPost                              0x08002e2d   Thumb Code   218  os_int.o(i.OS_IntQPost)
    OS_IntQRePost                            0x08002f2d   Thumb Code   320  os_int.o(i.OS_IntQRePost)
    OS_IntQTask                              0x080030a1   Thumb Code   154  os_int.o(i.OS_IntQTask)
    OS_IntQTaskInit                          0x08003149   Thumb Code   206  os_int.o(i.OS_IntQTaskInit)
    OS_MemInit                               0x08003271   Thumb Code    14  os_mem.o(i.OS_MemInit)
    OS_MsgPoolCreate                         0x08003289   Thumb Code    54  os_msg.o(i.OS_MsgPoolCreate)
    OS_MsgPoolInit                           0x080032c1   Thumb Code    68  os_msg.o(i.OS_MsgPoolInit)
    OS_MsgQFreeAll                           0x08003311   Thumb Code    62  os_msg.o(i.OS_MsgQFreeAll)
    OS_MsgQInit                              0x08003355   Thumb Code    14  os_msg.o(i.OS_MsgQInit)
    OS_MsgQPut                               0x08003365   Thumb Code   216  os_msg.o(i.OS_MsgQPut)
    OS_MutexInit                             0x08003441   Thumb Code    14  os_mutex.o(i.OS_MutexInit)
    OS_Pend                                  0x08003459   Thumb Code    98  os_core.o(i.OS_Pend)
    OS_PendDataInit                          0x080034c1   Thumb Code    38  os_core.o(i.OS_PendDataInit)
    OS_PendDbgNameAdd                        0x080034e9   Thumb Code    66  os_core.o(i.OS_PendDbgNameAdd)
    OS_PendDbgNameRemove                     0x08003545   Thumb Code    30  os_core.o(i.OS_PendDbgNameRemove)
    OS_PendListInit                          0x08003569   Thumb Code    10  os_core.o(i.OS_PendListInit)
    OS_PendListInsertPrio                    0x08003573   Thumb Code   102  os_core.o(i.OS_PendListInsertPrio)
    OS_PendListRemove                        0x080035d9   Thumb Code    48  os_core.o(i.OS_PendListRemove)
    OS_PendListRemove1                       0x08003609   Thumb Code    66  os_core.o(i.OS_PendListRemove1)
    OS_Post                                  0x0800364b   Thumb Code   192  os_core.o(i.OS_Post)
    OS_Post1                                 0x0800370b   Thumb Code    42  os_core.o(i.OS_Post1)
    OS_PrioGetHighest                        0x08003735   Thumb Code    36  os_prio.o(i.OS_PrioGetHighest)
    OS_PrioInit                              0x0800375d   Thumb Code    20  os_prio.o(i.OS_PrioInit)
    OS_PrioInsert                            0x08003775   Thumb Code    32  os_prio.o(i.OS_PrioInsert)
    OS_PrioRemove                            0x08003799   Thumb Code    32  os_prio.o(i.OS_PrioRemove)
    OS_QInit                                 0x080037bd   Thumb Code    14  os_q.o(i.OS_QInit)
    OS_QPost                                 0x080037d5   Thumb Code   382  os_q.o(i.OS_QPost)
    OS_RdyListInit                           0x0800395d   Thumb Code    32  os_core.o(i.OS_RdyListInit)
    OS_RdyListInsert                         0x08003981   Thumb Code    40  os_core.o(i.OS_RdyListInsert)
    OS_RdyListInsertHead                     0x080039ad   Thumb Code    58  os_core.o(i.OS_RdyListInsertHead)
    OS_RdyListInsertTail                     0x080039ed   Thumb Code    56  os_core.o(i.OS_RdyListInsertTail)
    OS_RdyListMoveHeadToTail                 0x08003a29   Thumb Code    68  os_core.o(i.OS_RdyListMoveHeadToTail)
    OS_RdyListRemove                         0x08003a6d   Thumb Code    86  os_core.o(i.OS_RdyListRemove)
    OS_Sched0                                0x08003ac9   Thumb Code    72  os_core.o(i.OS_Sched0)
    OS_SchedLockTimeMeasStart                0x08003b25   Thumb Code    20  os_core.o(i.OS_SchedLockTimeMeasStart)
    OS_SchedLockTimeMeasStop                 0x08003b41   Thumb Code    44  os_core.o(i.OS_SchedLockTimeMeasStop)
    OS_SchedRoundRobin                       0x08003b7d   Thumb Code   218  os_core.o(i.OS_SchedRoundRobin)
    OS_SemDbgListAdd                         0x08003c69   Thumb Code    38  os_sem.o(i.OS_SemDbgListAdd)
    OS_SemInit                               0x08003c99   Thumb Code    14  os_sem.o(i.OS_SemInit)
    OS_SemPost                               0x08003cb1   Thumb Code   404  os_sem.o(i.OS_SemPost)
    OS_StatTask                              0x08003e49   Thumb Code   570  os_stat.o(i.OS_StatTask)
    OS_StatTaskInit                          0x080040b9   Thumb Code   136  os_stat.o(i.OS_StatTaskInit)
    OS_TaskBlock                             0x08004185   Thumb Code    56  os_core.o(i.OS_TaskBlock)
    OS_TaskDbgListAdd                        0x080041bd   Thumb Code    42  os_task.o(i.OS_TaskDbgListAdd)
    OS_TaskDbgListRemove                     0x080041ed   Thumb Code    64  os_task.o(i.OS_TaskDbgListRemove)
    OS_TaskInit                              0x08004231   Thumb Code    18  os_task.o(i.OS_TaskInit)
    OS_TaskInitTCB                           0x08004251   Thumb Code   196  os_task.o(i.OS_TaskInitTCB)
    OS_TaskQPost                             0x08004321   Thumb Code   606  os_task.o(i.OS_TaskQPost)
    OS_TaskRdy                               0x0800458d   Thumb Code    28  os_core.o(i.OS_TaskRdy)
    OS_TaskReturn                            0x080045a9   Thumb Code    20  os_task.o(i.OS_TaskReturn)
    OS_TaskSemPost                           0x080045c1   Thumb Code  1012  os_task.o(i.OS_TaskSemPost)
    OS_TickListInit                          0x080049c1   Thumb Code    32  os_tick.o(i.OS_TickListInit)
    OS_TickListInsert                        0x080049e9   Thumb Code   430  os_tick.o(i.OS_TickListInsert)
    OS_TickListRemove                        0x08004ba5   Thumb Code    56  os_tick.o(i.OS_TickListRemove)
    OS_TickListResetPeak                     0x08004bdd   Thumb Code    28  os_tick.o(i.OS_TickListResetPeak)
    OS_TickListUpdate                        0x08004c01   Thumb Code   520  os_tick.o(i.OS_TickListUpdate)
    OS_TickTask                              0x08004e21   Thumb Code    38  os_tick.o(i.OS_TickTask)
    OS_TickTaskInit                          0x08004e4d   Thumb Code    92  os_tick.o(i.OS_TickTaskInit)
    OS_TmrInit                               0x08004edd   Thumb Code   206  os_tmr.o(i.OS_TmrInit)
    OS_TmrLink                               0x08005005   Thumb Code   196  os_tmr.o(i.OS_TmrLink)
    OS_TmrResetPeak                          0x080050d5   Thumb Code    28  os_tmr.o(i.OS_TmrResetPeak)
    OS_TmrTask                               0x080050f9   Thumb Code   176  os_tmr.o(i.OS_TmrTask)
    OS_TmrUnlink                             0x080051b9   Thumb Code    72  os_tmr.o(i.OS_TmrUnlink)
    RCC_AHBPeriphClockCmd                    0x08005209   Thumb Code    26  stm32f10x_rcc.o(i.RCC_AHBPeriphClockCmd)
    RCC_APB1PeriphClockCmd                   0x08005229   Thumb Code    26  stm32f10x_rcc.o(i.RCC_APB1PeriphClockCmd)
    RCC_APB1PeriphResetCmd                   0x08005249   Thumb Code    26  stm32f10x_rcc.o(i.RCC_APB1PeriphResetCmd)
    RCC_APB2PeriphClockCmd                   0x08005269   Thumb Code    26  stm32f10x_rcc.o(i.RCC_APB2PeriphClockCmd)
    RCC_GetClocksFreq                        0x08005289   Thumb Code   192  stm32f10x_rcc.o(i.RCC_GetClocksFreq)
    ReadUnit                                 0x0800535d   Thumb Code    38  i2s.o(i.ReadUnit)
    SPI2_IRQHandler                          0x08005385   Thumb Code    22  i2s.o(i.SPI2_IRQHandler)
    SPI3_init                                0x080053a1   Thumb Code   166  spi_flash.o(i.SPI3_init)
    SPI_Cmd                                  0x08005459   Thumb Code    24  stm32f10x_spi.o(i.SPI_Cmd)
    SPI_I2S_DMACmd                           0x08005471   Thumb Code    18  stm32f10x_spi.o(i.SPI_I2S_DMACmd)
    SPI_I2S_GetFlagStatus                    0x08005483   Thumb Code    18  stm32f10x_spi.o(i.SPI_I2S_GetFlagStatus)
    SPI_I2S_ReceiveData                      0x08005495   Thumb Code     6  stm32f10x_spi.o(i.SPI_I2S_ReceiveData)
    SPI_I2S_SendData                         0x0800549b   Thumb Code     4  stm32f10x_spi.o(i.SPI_I2S_SendData)
    SPI_Init                                 0x0800549f   Thumb Code    60  stm32f10x_spi.o(i.SPI_Init)
    SVC_Handler                              0x080054db   Thumb Code     2  stm32f10x_it.o(i.SVC_Handler)
    SystemInit                               0x080055c5   Thumb Code    78  system_stm32f10x.o(i.SystemInit)
    TIM1_PWM_Init                            0x08005625   Thumb Code   136  beep.o(i.TIM1_PWM_Init)
    TIM5_PWM_Init                            0x080056b5   Thumb Code   128  38k.o(i.TIM5_PWM_Init)
    TIM_Cmd                                  0x0800573d   Thumb Code    24  stm32f10x_tim.o(i.TIM_Cmd)
    TIM_CtrlPWMOutputs                       0x08005755   Thumb Code    30  stm32f10x_tim.o(i.TIM_CtrlPWMOutputs)
    TIM_OC2Init                              0x08005775   Thumb Code   154  stm32f10x_tim.o(i.TIM_OC2Init)
    TIM_OC4Init                              0x08005819   Thumb Code   114  stm32f10x_tim.o(i.TIM_OC4Init)
    TIM_OC4PreloadConfig                     0x08005895   Thumb Code    26  stm32f10x_tim.o(i.TIM_OC4PreloadConfig)
    TIM_TimeBaseInit                         0x080058b1   Thumb Code   122  stm32f10x_tim.o(i.TIM_TimeBaseInit)
    USART1_IRQHandler                        0x08005955   Thumb Code    46  usart.o(i.USART1_IRQHandler)
    USART3_IRQHandler                        0x0800598d   Thumb Code    76  usart.o(i.USART3_IRQHandler)
    USART_Cmd                                0x080059e9   Thumb Code    24  stm32f10x_usart.o(i.USART_Cmd)
    USART_GetFlagStatus                      0x08005a01   Thumb Code    26  stm32f10x_usart.o(i.USART_GetFlagStatus)
    USART_GetITStatus                        0x08005a1b   Thumb Code    84  stm32f10x_usart.o(i.USART_GetITStatus)
    USART_ITConfig                           0x08005a6f   Thumb Code    74  stm32f10x_usart.o(i.USART_ITConfig)
    USART_Init                               0x08005ab9   Thumb Code   210  stm32f10x_usart.o(i.USART_Init)
    USART_ReceiveData                        0x08005b91   Thumb Code    10  stm32f10x_usart.o(i.USART_ReceiveData)
    USART_SendData                           0x08005b9b   Thumb Code     8  stm32f10x_usart.o(i.USART_SendData)
    UsageFault_Handler                       0x08005ba3   Thumb Code     4  stm32f10x_it.o(i.UsageFault_Handler)
    WaveParsing                              0x08005ba9   Thumb Code   386  i2s.o(i.WaveParsing)
    __0sprintf$3                             0x08005d4d   Thumb Code    34  printf3.o(i.__0sprintf$3)
    __1sprintf$3                             0x08005d4d   Thumb Code     0  printf3.o(i.__0sprintf$3)
    __2sprintf                               0x08005d4d   Thumb Code     0  printf3.o(i.__0sprintf$3)
    __scatterload_copy                       0x08005d75   Thumb Code    14  handlers.o(i.__scatterload_copy)
    __scatterload_null                       0x08005d83   Thumb Code     2  handlers.o(i.__scatterload_null)
    __scatterload_zeroinit                   0x08005d85   Thumb Code    14  handlers.o(i.__scatterload_zeroinit)
    beep_init                                0x08005f99   Thumb Code    16  beep.o(i.beep_init)
    bulet_Read                               0x08005fa9   Thumb Code    36  bulet_box.o(i.bulet_Read)
    bulet_Write                              0x08005fd5   Thumb Code    30  bulet_box.o(i.bulet_Write)
    bulet_box_init                           0x08005ffd   Thumb Code    32  bulet_box.o(i.bulet_box_init)
    bus_recieve                              0x08006021   Thumb Code    10  bus.o(i.bus_recieve)
    bus_recieve_string                       0x08006031   Thumb Code    36  esp8266.o(i.bus_recieve_string)
    bus_send                                 0x08006059   Thumb Code    18  bus.o(i.bus_send)
    bus_send_string                          0x08006071   Thumb Code    28  esp8266.o(i.bus_send_string)
    close_conn                               0x080060b1   Thumb Code    54  esp8266.o(i.close_conn)
    connect_ap                               0x08006101   Thumb Code    88  esp8266.o(i.connect_ap)
    e2prom_Reads                             0x0800617d   Thumb Code   120  e2prom.o(i.e2prom_Reads)
    e2prom_WritePage                         0x080061f9   Thumb Code   140  e2prom.o(i.e2prom_WritePage)
    e2prom_Writes                            0x08006289   Thumb Code   124  e2prom.o(i.e2prom_Writes)
    e2prom_init                              0x08006305   Thumb Code    16  e2prom.o(i.e2prom_init)
    enbale_esp8266                           0x08006325   Thumb Code    14  esp8266.o(i.enbale_esp8266)
    esp8266_gpio_init                        0x0800633d   Thumb Code    98  esp8266.o(i.esp8266_gpio_init)
    flash_bytes_read                         0x080063a9   Thumb Code    90  spi_flash.o(i.flash_bytes_read)
    get_actived_state                        0x0800640d   Thumb Code     8  gun.o(i.get_actived_state)
    get_buletLeft                            0x08006419   Thumb Code    24  bulet_box.o(i.get_buletLeft)
    get_ip_suffix                            0x0800648d   Thumb Code    14  key.o(i.get_ip_suffix)
    get_key_gpio                             0x080064a1   Thumb Code     4  key.o(i.get_key_gpio)
    get_key_sn                               0x080064a5   Thumb Code    16  key.o(i.get_key_sn)
    get_power                                0x080064e9   Thumb Code     4  power.o(i.get_power)
    i2c_init                                 0x0800650d   Thumb Code   156  i2c.o(i.i2c_init)
    key_init                                 0x080065f5   Thumb Code   160  key.o(i.key_init)
    key_insert_cb                            0x080066c1   Thumb Code    70  gun.o(i.key_insert_cb)
    key_state_machine_task                   0x08006715   Thumb Code    98  key.o(i.key_state_machine_task)
    led_38k_init                             0x0800677d   Thumb Code    16  38k.o(i.led_38k_init)
    led_38k_test                             0x0800678d   Thumb Code    62  38k.o(i.led_38k_test)
    led_off                                  0x080067cd   Thumb Code    34  led.o(i.led_off)
    led_uart_init                            0x080067f9   Thumb Code    98  38k.o(i.led_uart_init)
    main                                     0x08006865   Thumb Code    70  main.o(i.main)
    main_loop                                0x080068c9   Thumb Code    74  gun.o(i.main_loop)
    read_key_from_eeprom                     0x08006a61   Thumb Code    22  key.o(i.read_key_from_eeprom)
    recv_data                                0x08006a81   Thumb Code   226  esp8266.o(i.recv_data)
    reduce_bulet                             0x08006c35   Thumb Code    26  bulet_box.o(i.reduce_bulet)
    register_bus                             0x08006c51   Thumb Code     8  bus.o(i.register_bus)
    reset_buffer                             0x08006c5d   Thumb Code    10  usart.o(i.reset_buffer)
    reset_esp8266                            0x08006c71   Thumb Code     2  esp8266.o(i.reset_esp8266)
    send_data                                0x08006c75   Thumb Code   104  esp8266.o(i.send_data)
    set_auto_conn                            0x08006d19   Thumb Code    58  esp8266.o(i.set_auto_conn)
    set_echo                                 0x08006d75   Thumb Code    62  esp8266.o(i.set_echo)
    set_ip                                   0x08006dc9   Thumb Code    58  esp8266.o(i.set_ip)
    set_mode                                 0x08006e25   Thumb Code    80  esp8266.o(i.set_mode)
    set_mux                                  0x08006e91   Thumb Code    58  esp8266.o(i.set_mux)
    spi_read_byte                            0x08006ee9   Thumb Code    10  spi_flash.o(i.spi_read_byte)
    spi_write_byte                           0x08006ef5   Thumb Code    50  spi_flash.o(i.spi_write_byte)
    str_include                              0x08006fc9   Thumb Code    82  esp8266.o(i.str_include)
    trigger_init                             0x0800701d   Thumb Code   102  trigger.o(i.trigger_init)
    trigger_task                             0x080070ad   Thumb Code   110  trigger.o(i.trigger_task)
    uart1_putc                               0x08007121   Thumb Code    28  usart.o(i.uart1_putc)
    uart3_putc                               0x08007141   Thumb Code    28  usart.o(i.uart3_putc)
    uart4_putchar                            0x080071c5   Thumb Code    28  38k.o(i.uart4_putchar)
    uart_inint                               0x080071e5   Thumb Code   316  usart.o(i.uart_inint)
    udp_close                                0x08007359   Thumb Code    58  esp8266.o(i.udp_close)
    udp_setup                                0x080073b5   Thumb Code   152  esp8266.o(i.udp_setup)
    wav_play_down                            0x080075b9   Thumb Code   158  i2s.o(i.wav_play_down)
    wav_play_up                              0x08007679   Thumb Code   144  i2s.o(i.wav_play_up)
    wav_pre_read                             0x08007729   Thumb Code    62  i2s.o(i.wav_pre_read)
    work_esp8266                             0x08007785   Thumb Code    14  esp8266.o(i.work_esp8266)
    yellow_led_on                            0x08007799   Thumb Code    18  led.o(i.yellow_led_on)
    OSCfg_IdleTaskStkBasePtr                 0x080077d8   Data           4  os_cfg_app.o(.constdata)
    OSCfg_IdleTaskStkLimit                   0x080077dc   Data           4  os_cfg_app.o(.constdata)
    OSCfg_IdleTaskStkSize                    0x080077e0   Data           4  os_cfg_app.o(.constdata)
    OSCfg_IdleTaskStkSizeRAM                 0x080077e4   Data           4  os_cfg_app.o(.constdata)
    OSCfg_IntQBasePtr                        0x080077e8   Data           4  os_cfg_app.o(.constdata)
    OSCfg_IntQSize                           0x080077ec   Data           2  os_cfg_app.o(.constdata)
    OSCfg_IntQSizeRAM                        0x080077f0   Data           4  os_cfg_app.o(.constdata)
    OSCfg_IntQTaskStkBasePtr                 0x080077f4   Data           4  os_cfg_app.o(.constdata)
    OSCfg_IntQTaskStkLimit                   0x080077f8   Data           4  os_cfg_app.o(.constdata)
    OSCfg_IntQTaskStkSize                    0x080077fc   Data           4  os_cfg_app.o(.constdata)
    OSCfg_IntQTaskStkSizeRAM                 0x08007800   Data           4  os_cfg_app.o(.constdata)
    OSCfg_ISRStkBasePtr                      0x08007804   Data           4  os_cfg_app.o(.constdata)
    OSCfg_ISRStkSize                         0x08007808   Data           4  os_cfg_app.o(.constdata)
    OSCfg_ISRStkSizeRAM                      0x0800780c   Data           4  os_cfg_app.o(.constdata)
    OSCfg_MsgPoolSize                        0x08007810   Data           2  os_cfg_app.o(.constdata)
    OSCfg_MsgPoolSizeRAM                     0x08007814   Data           4  os_cfg_app.o(.constdata)
    OSCfg_MsgPoolBasePtr                     0x08007818   Data           4  os_cfg_app.o(.constdata)
    OSCfg_StatTaskPrio                       0x0800781c   Data           1  os_cfg_app.o(.constdata)
    OSCfg_StatTaskRate_Hz                    0x08007820   Data           4  os_cfg_app.o(.constdata)
    OSCfg_StatTaskStkBasePtr                 0x08007824   Data           4  os_cfg_app.o(.constdata)
    OSCfg_StatTaskStkLimit                   0x08007828   Data           4  os_cfg_app.o(.constdata)
    OSCfg_StatTaskStkSize                    0x0800782c   Data           4  os_cfg_app.o(.constdata)
    OSCfg_StatTaskStkSizeRAM                 0x08007830   Data           4  os_cfg_app.o(.constdata)
    OSCfg_StkSizeMin                         0x08007834   Data           4  os_cfg_app.o(.constdata)
    OSCfg_TickRate_Hz                        0x08007838   Data           4  os_cfg_app.o(.constdata)
    OSCfg_TickTaskPrio                       0x0800783c   Data           1  os_cfg_app.o(.constdata)
    OSCfg_TickTaskStkBasePtr                 0x08007840   Data           4  os_cfg_app.o(.constdata)
    OSCfg_TickTaskStkLimit                   0x08007844   Data           4  os_cfg_app.o(.constdata)
    OSCfg_TickTaskStkSize                    0x08007848   Data           4  os_cfg_app.o(.constdata)
    OSCfg_TickTaskStkSizeRAM                 0x0800784c   Data           4  os_cfg_app.o(.constdata)
    OSCfg_TickWheelSize                      0x08007850   Data           2  os_cfg_app.o(.constdata)
    OSCfg_TickWheelSizeRAM                   0x08007854   Data           4  os_cfg_app.o(.constdata)
    OSCfg_TmrTaskPrio                        0x08007858   Data           1  os_cfg_app.o(.constdata)
    OSCfg_TmrTaskRate_Hz                     0x0800785c   Data           4  os_cfg_app.o(.constdata)
    OSCfg_TmrTaskStkBasePtr                  0x08007860   Data           4  os_cfg_app.o(.constdata)
    OSCfg_TmrTaskStkLimit                    0x08007864   Data           4  os_cfg_app.o(.constdata)
    OSCfg_TmrTaskStkSize                     0x08007868   Data           4  os_cfg_app.o(.constdata)
    OSCfg_TmrTaskStkSizeRAM                  0x0800786c   Data           4  os_cfg_app.o(.constdata)
    OSCfg_TmrWheelSize                       0x08007870   Data           2  os_cfg_app.o(.constdata)
    OSCfg_TmrWheelSizeRAM                    0x08007874   Data           4  os_cfg_app.o(.constdata)
    OSCfg_DataSizeRAM                        0x08007878   Data           4  os_cfg_app.o(.constdata)
    OSDbg_DbgEn                              0x0800787c   Data           2  os_dbg.o(.constdata)
    OSDbg_ArgChkEn                           0x0800787e   Data           1  os_dbg.o(.constdata)
    OSDbg_AppHooksEn                         0x0800787f   Data           1  os_dbg.o(.constdata)
    OSDbg_EndiannessTest                     0x08007880   Data           4  os_dbg.o(.constdata)
    OSDbg_CalledFromISRChkEn                 0x08007884   Data           1  os_dbg.o(.constdata)
    OSDbg_FlagEn                             0x08007885   Data           1  os_dbg.o(.constdata)
    OSDbg_FlagGrp                            0x08007888   Data          40  os_dbg.o(.constdata)
    OSDbg_FlagDelEn                          0x080078b0   Data           1  os_dbg.o(.constdata)
    OSDbg_FlagModeClrEn                      0x080078b1   Data           1  os_dbg.o(.constdata)
    OSDbg_FlagPendAbortEn                    0x080078b2   Data           1  os_dbg.o(.constdata)
    OSDbg_FlagGrpSize                        0x080078b4   Data           2  os_dbg.o(.constdata)
    OSDbg_FlagWidth                          0x080078b6   Data           2  os_dbg.o(.constdata)
    OSDbg_IntQ                               0x080078b8   Data           2  os_dbg.o(.constdata)
    OSDbg_ISRPostDeferredEn                  0x080078ba   Data           1  os_dbg.o(.constdata)
    OSDbg_Mem                                0x080078bc   Data          32  os_dbg.o(.constdata)
    OSDbg_MemEn                              0x080078dc   Data           1  os_dbg.o(.constdata)
    OSDbg_MemSize                            0x080078de   Data           2  os_dbg.o(.constdata)
    OSDbg_MsgEn                              0x080078e0   Data           1  os_dbg.o(.constdata)
    OSDbg_MsgSize                            0x080078e2   Data           2  os_dbg.o(.constdata)
    OSDbg_MsgPoolSize                        0x080078e4   Data           2  os_dbg.o(.constdata)
    OSDbg_MsgQSize                           0x080078e6   Data           2  os_dbg.o(.constdata)
    OSDbg_Mutex                              0x080078e8   Data          44  os_dbg.o(.constdata)
    OSDbg_MutexEn                            0x08007914   Data           1  os_dbg.o(.constdata)
    OSDbg_MutexDelEn                         0x08007915   Data           1  os_dbg.o(.constdata)
    OSDbg_MutexPendAbortEn                   0x08007916   Data           1  os_dbg.o(.constdata)
    OSDbg_MutexSize                          0x08007918   Data           2  os_dbg.o(.constdata)
    OSDbg_ObjTypeChkEn                       0x0800791a   Data           1  os_dbg.o(.constdata)
    OSDbg_PendMultiEn                        0x0800791b   Data           1  os_dbg.o(.constdata)
    OSDbg_PendDataSize                       0x0800791c   Data           2  os_dbg.o(.constdata)
    OSDbg_PendListSize                       0x0800791e   Data           2  os_dbg.o(.constdata)
    OSDbg_PendObjSize                        0x08007920   Data           2  os_dbg.o(.constdata)
    OSDbg_PrioMax                            0x08007922   Data           2  os_dbg.o(.constdata)
    OSDbg_PrioTblSize                        0x08007924   Data           2  os_dbg.o(.constdata)
    OSDbg_PtrSize                            0x08007926   Data           2  os_dbg.o(.constdata)
    OSDbg_Q                                  0x08007928   Data          48  os_dbg.o(.constdata)
    OSDbg_QEn                                0x08007958   Data           1  os_dbg.o(.constdata)
    OSDbg_QDelEn                             0x08007959   Data           1  os_dbg.o(.constdata)
    OSDbg_QFlushEn                           0x0800795a   Data           1  os_dbg.o(.constdata)
    OSDbg_QPendAbortEn                       0x0800795b   Data           1  os_dbg.o(.constdata)
    OSDbg_QSize                              0x0800795c   Data           2  os_dbg.o(.constdata)
    OSDbg_SchedRoundRobinEn                  0x0800795e   Data           1  os_dbg.o(.constdata)
    OSDbg_Sem                                0x08007960   Data          40  os_dbg.o(.constdata)
    OSDbg_SemEn                              0x08007988   Data           1  os_dbg.o(.constdata)
    OSDbg_SemDelEn                           0x08007989   Data           1  os_dbg.o(.constdata)
    OSDbg_SemPendAbortEn                     0x0800798a   Data           1  os_dbg.o(.constdata)
    OSDbg_SemSetEn                           0x0800798b   Data           1  os_dbg.o(.constdata)
    OSDbg_SemSize                            0x0800798c   Data           2  os_dbg.o(.constdata)
    OSDbg_RdyList                            0x0800798e   Data           2  os_dbg.o(.constdata)
    OSDbg_RdyListSize                        0x08007990   Data           4  os_dbg.o(.constdata)
    OSDbg_StkWidth                           0x08007994   Data           1  os_dbg.o(.constdata)
    OSDbg_StatTaskEn                         0x08007995   Data           1  os_dbg.o(.constdata)
    OSDbg_StatTaskStkChkEn                   0x08007996   Data           1  os_dbg.o(.constdata)
    OSDbg_TaskChangePrioEn                   0x08007997   Data           1  os_dbg.o(.constdata)
    OSDbg_TaskDelEn                          0x08007998   Data           1  os_dbg.o(.constdata)
    OSDbg_TaskQEn                            0x08007999   Data           1  os_dbg.o(.constdata)
    OSDbg_TaskQPendAbortEn                   0x0800799a   Data           1  os_dbg.o(.constdata)
    OSDbg_TaskProfileEn                      0x0800799b   Data           1  os_dbg.o(.constdata)
    OSDbg_TaskRegTblSize                     0x0800799c   Data           2  os_dbg.o(.constdata)
    OSDbg_TaskSemPendAbortEn                 0x0800799e   Data           1  os_dbg.o(.constdata)
    OSDbg_TaskSuspendEn                      0x0800799f   Data           1  os_dbg.o(.constdata)
    OSDbg_TCBSize                            0x080079a0   Data           2  os_dbg.o(.constdata)
    OSDbg_TickSpokeSize                      0x080079a2   Data           2  os_dbg.o(.constdata)
    OSDbg_TimeDlyHMSMEn                      0x080079a4   Data           1  os_dbg.o(.constdata)
    OSDbg_TimeDlyResumeEn                    0x080079a5   Data           1  os_dbg.o(.constdata)
    OSDbg_Tmr                                0x080079a8   Data          52  os_dbg.o(.constdata)
    OSDbg_TmrEn                              0x080079dc   Data           1  os_dbg.o(.constdata)
    OSDbg_TmrDelEn                           0x080079dd   Data           1  os_dbg.o(.constdata)
    OSDbg_TmrSize                            0x080079de   Data           2  os_dbg.o(.constdata)
    OSDbg_TmrSpokeSize                       0x080079e0   Data           2  os_dbg.o(.constdata)
    OSDbg_VersionNbr                         0x080079e2   Data           2  os_dbg.o(.constdata)
    OSDbg_DataSize                           0x080079e4   Data           4  os_dbg.o(.constdata)
    Region$$Table$$Base                      0x080079e8   Number         0  anon$$obj.o(Region$$Table)
    Region$$Table$$Limit                     0x08007a08   Number         0  anon$$obj.o(Region$$Table)
    WaveLen                                  0x20000020   Data           4  i2s.o(.data)
    g_WaveLen                                0x20000024   Data           4  i2s.o(.data)
    XferCplt                                 0x20000028   Data           4  i2s.o(.data)
    DataOffset                               0x2000002c   Data           4  i2s.o(.data)
    WaveCounter                              0x20000030   Data           4  i2s.o(.data)
    buffer_switch                            0x20000034   Data           1  i2s.o(.data)
    eeprom                                   0x20000038   Data          42  key.o(.data)
    call_back                                0x20000064   Data           4  key.o(.data)
    voice_value                              0x20000068   Data           4  spi_flash.o(.data)
    spi_data                                 0x2000006c   Data         256  spi_flash.o(.data)
    uart1_recv_hook                          0x20000174   Data           4  usart.o(.data)
    uart3_recv_hook                          0x20000178   Data           4  usart.o(.data)
    CPU_TS_TmrFreq_Hz                        0x20000190   Data           4  cpu_core.o(.data)
    CPU_IntDisMeasCtr                        0x20000194   Data           2  cpu_core.o(.data)
    CPU_IntDisNestCtr                        0x20000196   Data           2  cpu_core.o(.data)
    CPU_IntDisMeasStart_cnts                 0x20000198   Data           4  cpu_core.o(.data)
    CPU_IntDisMeasStop_cnts                  0x2000019c   Data           4  cpu_core.o(.data)
    CPU_IntDisMeasOvrhd_cnts                 0x200001a0   Data           4  cpu_core.o(.data)
    CPU_IntDisMeasMaxCur_cnts                0x200001a4   Data           4  cpu_core.o(.data)
    CPU_IntDisMeasMax_cnts                   0x200001a8   Data           4  cpu_core.o(.data)
    OS_CPU_ExceptStkBase                     0x200001ac   Data           4  os_cpu_c.o(.data)
    OSPrioTbl                                0x200001b0   Data           8  os_prio.o(.data)
    OS_AppTaskCreateHookPtr                  0x200001b8   Data           4  os_var.o(.data)
    OS_AppTaskDelHookPtr                     0x200001bc   Data           4  os_var.o(.data)
    OS_AppTaskReturnHookPtr                  0x200001c0   Data           4  os_var.o(.data)
    OS_AppIdleTaskHookPtr                    0x200001c4   Data           4  os_var.o(.data)
    OS_AppStatTaskHookPtr                    0x200001c8   Data           4  os_var.o(.data)
    OS_AppTaskSwHookPtr                      0x200001cc   Data           4  os_var.o(.data)
    OS_AppTimeTickHookPtr                    0x200001d0   Data           4  os_var.o(.data)
    OSIdleTaskCtr                            0x200001d4   Data           4  os_var.o(.data)
    OSIntNestingCtr                          0x200001d8   Data           1  os_var.o(.data)
    OSIntDisTimeMax                          0x200001dc   Data           4  os_var.o(.data)
    OSRunning                                0x200001e0   Data           1  os_var.o(.data)
    OSIntQInPtr                              0x200001e4   Data           4  os_var.o(.data)
    OSIntQOutPtr                             0x200001e8   Data           4  os_var.o(.data)
    OSIntQNbrEntries                         0x200001ec   Data           2  os_var.o(.data)
    OSIntQMaxNbrEntries                      0x200001ee   Data           2  os_var.o(.data)
    OSIntQOvfCtr                             0x200001f0   Data           2  os_var.o(.data)
    OSIntQTaskTimeMax                        0x200001f4   Data           4  os_var.o(.data)
    OSFlagDbgListPtr                         0x200001f8   Data           4  os_var.o(.data)
    OSFlagQty                                0x200001fc   Data           2  os_var.o(.data)
    OSMemDbgListPtr                          0x20000200   Data           4  os_var.o(.data)
    OSMemQty                                 0x20000204   Data           2  os_var.o(.data)
    OSMsgPool                                0x20000208   Data           8  os_var.o(.data)
    OSMutexDbgListPtr                        0x20000210   Data           4  os_var.o(.data)
    OSMutexQty                               0x20000214   Data           2  os_var.o(.data)
    OSPrioCur                                0x20000216   Data           1  os_var.o(.data)
    OSPrioHighRdy                            0x20000217   Data           1  os_var.o(.data)
    OSPrioSaved                              0x20000218   Data           1  os_var.o(.data)
    OSQDbgListPtr                            0x2000021c   Data           4  os_var.o(.data)
    OSQQty                                   0x20000220   Data           2  os_var.o(.data)
    OSSchedLockTimeBegin                     0x20000224   Data           4  os_var.o(.data)
    OSSchedLockTimeMax                       0x20000228   Data           4  os_var.o(.data)
    OSSchedLockTimeMaxCur                    0x2000022c   Data           4  os_var.o(.data)
    OSSchedLockNestingCtr                    0x20000230   Data           1  os_var.o(.data)
    OSSchedRoundRobinDfltTimeQuanta          0x20000234   Data           4  os_var.o(.data)
    OSSchedRoundRobinEn                      0x20000238   Data           1  os_var.o(.data)
    OSSemDbgListPtr                          0x2000023c   Data           4  os_var.o(.data)
    OSSemQty                                 0x20000240   Data           2  os_var.o(.data)
    OSStatTaskCPUUsage                       0x20000242   Data           1  os_var.o(.data)
    OSStatTaskCtr                            0x20000244   Data           4  os_var.o(.data)
    OSStatTaskCtrMax                         0x20000248   Data           4  os_var.o(.data)
    OSStatTaskCtrRun                         0x2000024c   Data           4  os_var.o(.data)
    OSStatTaskRdy                            0x20000250   Data           1  os_var.o(.data)
    OSStatTaskTimeMax                        0x20000254   Data           4  os_var.o(.data)
    OSStatResetFlag                          0x20000258   Data           1  os_var.o(.data)
    OSTaskCtxSwCtr                           0x2000025c   Data           4  os_var.o(.data)
    OSTaskDbgListPtr                         0x20000260   Data           4  os_var.o(.data)
    OSTaskQty                                0x20000264   Data           2  os_var.o(.data)
    OSTickCtr                                0x20000268   Data           4  os_var.o(.data)
    OSTickTaskTimeMax                        0x2000026c   Data           4  os_var.o(.data)
    OSTmrDbgListPtr                          0x20000270   Data           4  os_var.o(.data)
    OSTmrQty                                 0x20000274   Data           2  os_var.o(.data)
    OSTmrTaskTimeMax                         0x20000278   Data           4  os_var.o(.data)
    OSTmrTickCtr                             0x2000027c   Data           4  os_var.o(.data)
    OSTmrUpdateCnt                           0x20000280   Data           4  os_var.o(.data)
    OSTmrUpdateCtr                           0x20000284   Data           4  os_var.o(.data)
    OSTCBCurPtr                              0x20000288   Data           4  os_var.o(.data)
    OSTCBHighRdyPtr                          0x2000028c   Data           4  os_var.o(.data)
    ip_map                                   0x20001034   Data         160  esp8266.o(.bss)
    data_i                                   0x20001938   Data         100  esp8266.o(.bss)
    DMA_InitStructure                        0x2000199c   Data          44  i2s.o(.bss)
    buffer1                                  0x200019f0   Data        2048  i2s.o(.bss)
    buffer2                                  0x200021f0   Data        2048  i2s.o(.bss)
    WAVE_Format                              0x200029f0   Data          24  i2s.o(.bss)
    OSCfg_IdleTaskStk                        0x20003600   Data         512  os_cfg_app.o(.bss)
    OSCfg_IntQ                               0x20003800   Data         320  os_cfg_app.o(.bss)
    OSCfg_IntQTaskStk                        0x20003940   Data         512  os_cfg_app.o(.bss)
    OSCfg_ISRStk                             0x20003b40   Data         512  os_cfg_app.o(.bss)
    OSCfg_MsgPool                            0x20003d40   Data        1600  os_cfg_app.o(.bss)
    OSCfg_StatTaskStk                        0x20004380   Data         512  os_cfg_app.o(.bss)
    OSCfg_TickTaskStk                        0x20004580   Data         512  os_cfg_app.o(.bss)
    OSCfg_TickWheel                          0x20004780   Data         104  os_cfg_app.o(.bss)
    OSCfg_TmrTaskStk                         0x200047e8   Data         512  os_cfg_app.o(.bss)
    OSCfg_TmrWheel                           0x200049e8   Data         104  os_cfg_app.o(.bss)
    OSIdleTaskTCB                            0x20004a50   Data         208  os_var.o(.bss)
    OSIntQTaskTCB                            0x20004b20   Data         208  os_var.o(.bss)
    OSRdyList                                0x20004bf0   Data         768  os_var.o(.bss)
    OSStatTaskTCB                            0x20004ef0   Data         208  os_var.o(.bss)
    OSTickTaskTCB                            0x20004fc0   Data         208  os_var.o(.bss)
    OSTmrTaskTCB                             0x20005090   Data         208  os_var.o(.bss)
    __initial_sp                             0x20005560   Data           0  startup_stm32f10x_hd.o(STACK)



==============================================================================

Memory Map of the image

  Image Entry point : 0x08000131

  Load Region LR_IROM1 (Base: 0x08000000, Size: 0x00007c98, Max: 0x00040000, ABSOLUTE, COMPRESSED[0x00007a68])

    Execution Region ER_IROM1 (Base: 0x08000000, Size: 0x00007a08, Max: 0x00040000, ABSOLUTE)

    Base Addr    Size         Type   Attr      Idx    E Section Name        Object

    0x08000000   0x00000130   Data   RO         1754    RESET               startup_stm32f10x_hd.o
    0x08000130   0x00000000   Code   RO         6642  * .ARM.Collect$$$$00000000  mc_w.l(entry.o)
    0x08000130   0x00000004   Code   RO         6950    .ARM.Collect$$$$00000001  mc_w.l(entry2.o)
    0x08000134   0x00000004   Code   RO         6953    .ARM.Collect$$$$00000004  mc_w.l(entry5.o)
    0x08000138   0x00000000   Code   RO         6955    .ARM.Collect$$$$00000008  mc_w.l(entry7b.o)
    0x08000138   0x00000000   Code   RO         6957    .ARM.Collect$$$$0000000A  mc_w.l(entry8b.o)
    0x08000138   0x00000008   Code   RO         6958    .ARM.Collect$$$$0000000B  mc_w.l(entry9a.o)
    0x08000140   0x00000000   Code   RO         6960    .ARM.Collect$$$$0000000D  mc_w.l(entry10a.o)
    0x08000140   0x00000000   Code   RO         6962    .ARM.Collect$$$$0000000F  mc_w.l(entry11a.o)
    0x08000140   0x00000004   Code   RO         6951    .ARM.Collect$$$$00002712  mc_w.l(entry2.o)
    0x08000144   0x00000024   Code   RO         1755    .text               startup_stm32f10x_hd.o
    0x08000168   0x0000002a   Code   RO         4921    .text               cpu_a.o
    0x08000192   0x00000002   PAD
    0x08000194   0x00000084   Code   RO         5410    .text               os_cpu_a.o
    0x08000218   0x00000062   Code   RO         6645    .text               mc_w.l(uldiv.o)
    0x0800027a   0x00000024   Code   RO         6647    .text               mc_w.l(memcpya.o)
    0x0800029e   0x00000024   Code   RO         6649    .text               mc_w.l(memseta.o)
    0x080002c2   0x0000000e   Code   RO         6651    .text               mc_w.l(strlen.o)
    0x080002d0   0x0000001e   Code   RO         6653    .text               mc_w.l(strncmp.o)
    0x080002ee   0x0000002c   Code   RO         6965    .text               mc_w.l(uidiv.o)
    0x0800031a   0x0000001e   Code   RO         6967    .text               mc_w.l(llshl.o)
    0x08000338   0x00000020   Code   RO         6969    .text               mc_w.l(llushr.o)
    0x08000358   0x00000024   Code   RO         6997    .text               mc_w.l(init.o)
    0x0800037c   0x00000056   Code   RO         7009    .text               mc_w.l(__dczerorl2.o)
    0x080003d2   0x00000002   PAD
    0x080003d4   0x00000084   Code   RO         1029    i.AUDIO_TransferComplete  i2s.o
    0x08000458   0x00000028   Code   RO          199    i.AppTaskStart      main.o
    0x08000480   0x00000040   Code   RO         1030    i.Audio_MAL_Play    i2s.o
    0x080004c0   0x00000010   Code   RO            1    i.BSP_CPU_ClkFreq   bsp.o
    0x080004d0   0x00000038   Code   RO            2    i.BSP_Init          bsp.o
    0x08000508   0x00000004   Code   RO          221    i.BusFault_Handler  stm32f10x_it.o
    0x0800050c   0x0000001c   Code   RO         4974    i.CPU_IntDisMeasMaxCalc  cpu_core.o
    0x08000528   0x0000002c   Code   RO         4975    i.CPU_IntDisMeasMaxCurGet  cpu_core.o
    0x08000554   0x0000002c   Code   RO         4976    i.CPU_IntDisMeasMaxCurReset  cpu_core.o
    0x08000580   0x0000002c   Code   RO         4977    i.CPU_IntDisMeasMaxGet  cpu_core.o
    0x080005ac   0x00000034   Code   RO         4978    i.CPU_IntDisMeasStart  cpu_core.o
    0x080005e0   0x00000054   Code   RO         4979    i.CPU_IntDisMeasStop  cpu_core.o
    0x08000634   0x0000000c   Code   RO            4    i.CPU_TS_TmrRd      bsp.o
    0x08000640   0x000000c0   Code   RO         1031    i.DMA1_Channel5_IRQHandler  i2s.o
    0x08000700   0x0000001c   Code   RO         2544    i.DMA_ClearFlag     stm32f10x_dma.o
    0x0800071c   0x00000018   Code   RO         2546    i.DMA_Cmd           stm32f10x_dma.o
    0x08000734   0x0000002c   Code   RO         2549    i.DMA_GetFlagStatus  stm32f10x_dma.o
    0x08000760   0x00000084   Code   RO         1032    i.DMA_I2S_Configuration  i2s.o
    0x080007e4   0x00000012   Code   RO         2551    i.DMA_ITConfig      stm32f10x_dma.o
    0x080007f6   0x0000003c   Code   RO         2552    i.DMA_Init          stm32f10x_dma.o
    0x08000832   0x00000002   Code   RO          222    i.DebugMon_Handler  stm32f10x_it.o
    0x08000834   0x00000034   Code   RO         1401    i.FlashWaitBusy     spi_flash.o
    0x08000868   0x00000116   Code   RO         2982    i.GPIO_Init         stm32f10x_gpio.o
    0x0800097e   0x00000002   PAD
    0x08000980   0x00000090   Code   RO         2984    i.GPIO_PinRemapConfig  stm32f10x_gpio.o
    0x08000a10   0x00000012   Code   RO         2986    i.GPIO_ReadInputDataBit  stm32f10x_gpio.o
    0x08000a22   0x00000004   Code   RO         2989    i.GPIO_ResetBits    stm32f10x_gpio.o
    0x08000a26   0x00000004   Code   RO         2990    i.GPIO_SetBits      stm32f10x_gpio.o
    0x08000a2a   0x0000000a   Code   RO         2993    i.GPIO_WriteBit     stm32f10x_gpio.o
    0x08000a34   0x00000004   Code   RO          223    i.HardFault_Handler  stm32f10x_it.o
    0x08000a38   0x000001e0   Code   RO          721    i.I2C1_EV_IRQHandler  e2prom.o
    0x08000c18   0x00000018   Code   RO         3094    i.I2C_AcknowledgeConfig  stm32f10x_i2c.o
    0x08000c30   0x00000018   Code   RO         3099    i.I2C_Cmd           stm32f10x_i2c.o
    0x08000c48   0x00000038   Code   RO         3102    i.I2C_DeInit        stm32f10x_i2c.o
    0x08000c80   0x00000018   Code   RO         3106    i.I2C_GenerateSTART  stm32f10x_i2c.o
    0x08000c98   0x00000018   Code   RO         3107    i.I2C_GenerateSTOP  stm32f10x_i2c.o
    0x08000cb0   0x0000003a   Code   RO         3108    i.I2C_GetFlagStatus  stm32f10x_i2c.o
    0x08000cea   0x0000001a   Code   RO         3110    i.I2C_GetLastEvent  stm32f10x_i2c.o
    0x08000d04   0x00000012   Code   RO         3112    i.I2C_ITConfig      stm32f10x_i2c.o
    0x08000d16   0x00000002   PAD
    0x08000d18   0x000000ec   Code   RO         3113    i.I2C_Init          stm32f10x_i2c.o
    0x08000e04   0x00000008   Code   RO         3118    i.I2C_ReceiveData   stm32f10x_i2c.o
    0x08000e0c   0x00000012   Code   RO         3120    i.I2C_Send7bitAddress  stm32f10x_i2c.o
    0x08000e1e   0x00000004   Code   RO         3121    i.I2C_SendData      stm32f10x_i2c.o
    0x08000e22   0x00000002   PAD
    0x08000e24   0x0000002c   Code   RO         1033    i.I2S_Bus_Init      i2s.o
    0x08000e50   0x00000018   Code   RO         3884    i.I2S_Cmd           stm32f10x_spi.o
    0x08000e68   0x00000040   Code   RO         1034    i.I2S_Freq_Config   i2s.o
    0x08000ea8   0x0000006c   Code   RO         1035    i.I2S_GPIO_Config   i2s.o
    0x08000f14   0x000000e8   Code   RO         3885    i.I2S_Init          stm32f10x_spi.o
    0x08000ffc   0x00000038   Code   RO         1036    i.I2S_Mode_Config   i2s.o
    0x08001034   0x0000001c   Code   RO         1037    i.I2S_Stop          i2s.o
    0x08001050   0x0000006c   Code   RO         1290    i.LED_Init          led.o
    0x080010bc   0x00000004   Code   RO          224    i.MemManage_Handler  stm32f10x_it.o
    0x080010c0   0x00000002   Code   RO          225    i.NMI_Handler       stm32f10x_it.o
    0x080010c2   0x00000002   PAD
    0x080010c4   0x00000070   Code   RO         1804    i.NVIC_Init         misc.o
    0x08001134   0x00000014   Code   RO         1805    i.NVIC_PriorityGroupConfig  misc.o
    0x08001148   0x000000fc   Code   RO         5491    i.OSCfg_Init        os_cfg_app.o
    0x08001244   0x00000014   Code   RO         5413    i.OSIdleTaskHook    os_cpu_c.o
    0x08001258   0x0000015c   Code   RO         5514    i.OSInit            os_core.o
    0x080013b4   0x00000020   Code   RO         5414    i.OSInitHook        os_cpu_c.o
    0x080013d4   0x0000002c   Code   RO         5515    i.OSIntEnter        os_core.o
    0x08001400   0x000000e4   Code   RO         5516    i.OSIntExit         os_core.o
    0x080014e4   0x000000a8   Code   RO         5517    i.OSSched           os_core.o
    0x0800158c   0x0000007c   Code   RO         5518    i.OSSchedLock       os_core.o
    0x08001608   0x000000a0   Code   RO         5521    i.OSSchedUnlock     os_core.o
    0x080016a8   0x00000088   Code   RO         6178    i.OSSemCreate       os_sem.o
    0x08001730   0x0000021c   Code   RO         6180    i.OSSemPend         os_sem.o
    0x0800194c   0x00000070   Code   RO         6182    i.OSSemPost         os_sem.o
    0x080019bc   0x00000068   Code   RO         5522    i.OSStart           os_core.o
    0x08001a24   0x000000f0   Code   RO         6250    i.OSStatReset       os_stat.o
    0x08001b14   0x00000014   Code   RO         5415    i.OSStatTaskHook    os_cpu_c.o
    0x08001b28   0x00000294   Code   RO         6281    i.OSTaskCreate      os_task.o
    0x08001dbc   0x00000018   Code   RO         5416    i.OSTaskCreateHook  os_cpu_c.o
    0x08001dd4   0x00000208   Code   RO         6282    i.OSTaskDel         os_task.o
    0x08001fdc   0x00000018   Code   RO         5417    i.OSTaskDelHook     os_cpu_c.o
    0x08001ff4   0x00000018   Code   RO         5418    i.OSTaskReturnHook  os_cpu_c.o
    0x0800200c   0x00000234   Code   RO         6290    i.OSTaskSemPend     os_task.o
    0x08002240   0x000000e4   Code   RO         6294    i.OSTaskStkChk      os_task.o
    0x08002324   0x000000c0   Code   RO         5419    i.OSTaskStkInit     os_cpu_c.o
    0x080023e4   0x000000ac   Code   RO         5420    i.OSTaskSwHook      os_cpu_c.o
    0x08002490   0x00000150   Code   RO         6478    i.OSTimeDly         os_time.o
    0x080025e0   0x0000022c   Code   RO         6479    i.OSTimeDlyHMSM     os_time.o
    0x0800280c   0x00000044   Code   RO         6483    i.OSTimeTick        os_time.o
    0x08002850   0x00000014   Code   RO         5421    i.OSTimeTickHook    os_cpu_c.o
    0x08002864   0x00000040   Code   RO         5422    i.OS_CPU_SysTickHandler  os_cpu_c.o
    0x080028a4   0x00000030   Code   RO         5423    i.OS_CPU_SysTickInit  os_cpu_c.o
    0x080028d4   0x000001b0   Code   RO         5760    i.OS_Dbg_Init       os_dbg.o
    0x08002a84   0x00000018   Code   RO         5785    i.OS_FlagInit       os_flag.o
    0x08002a9c   0x0000027c   Code   RO         5786    i.OS_FlagPost       os_flag.o
    0x08002d18   0x00000056   Code   RO         5787    i.OS_FlagTaskRdy    os_flag.o
    0x08002d6e   0x00000002   PAD
    0x08002d70   0x0000004c   Code   RO         5524    i.OS_IdleTask       os_core.o
    0x08002dbc   0x00000070   Code   RO         5525    i.OS_IdleTaskInit   os_core.o
    0x08002e2c   0x00000100   Code   RO         5859    i.OS_IntQPost       os_int.o
    0x08002f2c   0x00000174   Code   RO         5860    i.OS_IntQRePost     os_int.o
    0x080030a0   0x000000a8   Code   RO         5861    i.OS_IntQTask       os_int.o
    0x08003148   0x00000128   Code   RO         5862    i.OS_IntQTaskInit   os_int.o
    0x08003270   0x00000018   Code   RO         5893    i.OS_MemInit        os_mem.o
    0x08003288   0x00000036   Code   RO         5926    i.OS_MsgPoolCreate  os_msg.o
    0x080032be   0x00000002   PAD
    0x080032c0   0x00000050   Code   RO         5927    i.OS_MsgPoolInit    os_msg.o
    0x08003310   0x00000044   Code   RO         5929    i.OS_MsgQFreeAll    os_msg.o
    0x08003354   0x0000000e   Code   RO         5931    i.OS_MsgQInit       os_msg.o
    0x08003362   0x00000002   PAD
    0x08003364   0x000000dc   Code   RO         5932    i.OS_MsgQPut        os_msg.o
    0x08003440   0x00000018   Code   RO         5987    i.OS_MutexInit      os_mutex.o
    0x08003458   0x00000068   Code   RO         5526    i.OS_Pend           os_core.o
    0x080034c0   0x00000026   Code   RO         5529    i.OS_PendDataInit   os_core.o
    0x080034e6   0x00000002   PAD
    0x080034e8   0x0000005c   Code   RO         5530    i.OS_PendDbgNameAdd  os_core.o
    0x08003544   0x00000024   Code   RO         5531    i.OS_PendDbgNameRemove  os_core.o
    0x08003568   0x0000000a   Code   RO         5533    i.OS_PendListInit   os_core.o
    0x08003572   0x00000066   Code   RO         5535    i.OS_PendListInsertPrio  os_core.o
    0x080035d8   0x00000030   Code   RO         5536    i.OS_PendListRemove  os_core.o
    0x08003608   0x00000042   Code   RO         5537    i.OS_PendListRemove1  os_core.o
    0x0800364a   0x000000c0   Code   RO         5540    i.OS_Post           os_core.o
    0x0800370a   0x0000002a   Code   RO         5541    i.OS_Post1          os_core.o
    0x08003734   0x00000028   Code   RO         6069    i.OS_PrioGetHighest  os_prio.o
    0x0800375c   0x00000018   Code   RO         6070    i.OS_PrioInit       os_prio.o
    0x08003774   0x00000024   Code   RO         6071    i.OS_PrioInsert     os_prio.o
    0x08003798   0x00000024   Code   RO         6072    i.OS_PrioRemove     os_prio.o
    0x080037bc   0x00000018   Code   RO         6115    i.OS_QInit          os_q.o
    0x080037d4   0x00000188   Code   RO         6116    i.OS_QPost          os_q.o
    0x0800395c   0x00000024   Code   RO         5542    i.OS_RdyListInit    os_core.o
    0x08003980   0x0000002c   Code   RO         5543    i.OS_RdyListInsert  os_core.o
    0x080039ac   0x00000040   Code   RO         5544    i.OS_RdyListInsertHead  os_core.o
    0x080039ec   0x0000003c   Code   RO         5545    i.OS_RdyListInsertTail  os_core.o
    0x08003a28   0x00000044   Code   RO         5546    i.OS_RdyListMoveHeadToTail  os_core.o
    0x08003a6c   0x0000005c   Code   RO         5547    i.OS_RdyListRemove  os_core.o
    0x08003ac8   0x0000005c   Code   RO         5548    i.OS_Sched0         os_core.o
    0x08003b24   0x0000001c   Code   RO         5549    i.OS_SchedLockTimeMeasStart  os_core.o
    0x08003b40   0x0000003c   Code   RO         5550    i.OS_SchedLockTimeMeasStop  os_core.o
    0x08003b7c   0x000000ec   Code   RO         5551    i.OS_SchedRoundRobin  os_core.o
    0x08003c68   0x00000030   Code   RO         6185    i.OS_SemDbgListAdd  os_sem.o
    0x08003c98   0x00000018   Code   RO         6187    i.OS_SemInit        os_sem.o
    0x08003cb0   0x00000198   Code   RO         6188    i.OS_SemPost        os_sem.o
    0x08003e48   0x00000270   Code   RO         6252    i.OS_StatTask       os_stat.o
    0x080040b8   0x000000cc   Code   RO         6253    i.OS_StatTaskInit   os_stat.o
    0x08004184   0x00000038   Code   RO         5552    i.OS_TaskBlock      os_core.o
    0x080041bc   0x00000030   Code   RO         6297    i.OS_TaskDbgListAdd  os_task.o
    0x080041ec   0x00000044   Code   RO         6298    i.OS_TaskDbgListRemove  os_task.o
    0x08004230   0x00000020   Code   RO         6299    i.OS_TaskInit       os_task.o
    0x08004250   0x000000d0   Code   RO         6300    i.OS_TaskInitTCB    os_task.o
    0x08004320   0x0000026c   Code   RO         6301    i.OS_TaskQPost      os_task.o
    0x0800458c   0x0000001c   Code   RO         5553    i.OS_TaskRdy        os_core.o
    0x080045a8   0x00000018   Code   RO         6302    i.OS_TaskReturn     os_task.o
    0x080045c0   0x00000400   Code   RO         6303    i.OS_TaskSemPost    os_task.o
    0x080049c0   0x00000028   Code   RO         6430    i.OS_TickListInit   os_tick.o
    0x080049e8   0x000001bc   Code   RO         6431    i.OS_TickListInsert  os_tick.o
    0x08004ba4   0x00000038   Code   RO         6432    i.OS_TickListRemove  os_tick.o
    0x08004bdc   0x00000024   Code   RO         6433    i.OS_TickListResetPeak  os_tick.o
    0x08004c00   0x00000220   Code   RO         6434    i.OS_TickListUpdate  os_tick.o
    0x08004e20   0x0000002c   Code   RO         6435    i.OS_TickTask       os_tick.o
    0x08004e4c   0x00000090   Code   RO         6436    i.OS_TickTaskInit   os_tick.o
    0x08004edc   0x00000128   Code   RO         6529    i.OS_TmrInit        os_tmr.o
    0x08005004   0x000000d0   Code   RO         6530    i.OS_TmrLink        os_tmr.o
    0x080050d4   0x00000024   Code   RO         6531    i.OS_TmrResetPeak   os_tmr.o
    0x080050f8   0x000000c0   Code   RO         6532    i.OS_TmrTask        os_tmr.o
    0x080051b8   0x00000050   Code   RO         6533    i.OS_TmrUnlink      os_tmr.o
    0x08005208   0x00000020   Code   RO         3403    i.RCC_AHBPeriphClockCmd  stm32f10x_rcc.o
    0x08005228   0x00000020   Code   RO         3404    i.RCC_APB1PeriphClockCmd  stm32f10x_rcc.o
    0x08005248   0x00000020   Code   RO         3405    i.RCC_APB1PeriphResetCmd  stm32f10x_rcc.o
    0x08005268   0x00000020   Code   RO         3406    i.RCC_APB2PeriphClockCmd  stm32f10x_rcc.o
    0x08005288   0x000000d4   Code   RO         3414    i.RCC_GetClocksFreq  stm32f10x_rcc.o
    0x0800535c   0x00000026   Code   RO         1038    i.ReadUnit          i2s.o
    0x08005382   0x00000002   PAD
    0x08005384   0x0000001c   Code   RO         1039    i.SPI2_IRQHandler   i2s.o
    0x080053a0   0x000000b8   Code   RO         1402    i.SPI3_init         spi_flash.o
    0x08005458   0x00000018   Code   RO         3889    i.SPI_Cmd           stm32f10x_spi.o
    0x08005470   0x00000012   Code   RO         3895    i.SPI_I2S_DMACmd    stm32f10x_spi.o
    0x08005482   0x00000012   Code   RO         3897    i.SPI_I2S_GetFlagStatus  stm32f10x_spi.o
    0x08005494   0x00000006   Code   RO         3900    i.SPI_I2S_ReceiveData  stm32f10x_spi.o
    0x0800549a   0x00000004   Code   RO         3901    i.SPI_I2S_SendData  stm32f10x_spi.o
    0x0800549e   0x0000003c   Code   RO         3902    i.SPI_Init          stm32f10x_spi.o
    0x080054da   0x00000002   Code   RO          227    i.SVC_Handler       stm32f10x_it.o
    0x080054dc   0x00000008   Code   RO         1770    i.SetSysClock       system_stm32f10x.o
    0x080054e4   0x000000e0   Code   RO         1771    i.SetSysClockTo72   system_stm32f10x.o
    0x080055c4   0x00000060   Code   RO         1773    i.SystemInit        system_stm32f10x.o
    0x08005624   0x00000090   Code   RO          581    i.TIM1_PWM_Init     beep.o
    0x080056b4   0x00000088   Code   RO          443    i.TIM5_PWM_Init     38k.o
    0x0800573c   0x00000018   Code   RO         4047    i.TIM_Cmd           stm32f10x_tim.o
    0x08005754   0x0000001e   Code   RO         4049    i.TIM_CtrlPWMOutputs  stm32f10x_tim.o
    0x08005772   0x00000002   PAD
    0x08005774   0x000000a4   Code   RO         4081    i.TIM_OC2Init       stm32f10x_tim.o
    0x08005818   0x0000007c   Code   RO         4091    i.TIM_OC4Init       stm32f10x_tim.o
    0x08005894   0x0000001a   Code   RO         4093    i.TIM_OC4PreloadConfig  stm32f10x_tim.o
    0x080058ae   0x00000002   PAD
    0x080058b0   0x000000a4   Code   RO         4118    i.TIM_TimeBaseInit  stm32f10x_tim.o
    0x08005954   0x00000038   Code   RO         1678    i.USART1_IRQHandler  usart.o
    0x0800598c   0x0000005c   Code   RO         1679    i.USART3_IRQHandler  usart.o
    0x080059e8   0x00000018   Code   RO         4586    i.USART_Cmd         stm32f10x_usart.o
    0x08005a00   0x0000001a   Code   RO         4589    i.USART_GetFlagStatus  stm32f10x_usart.o
    0x08005a1a   0x00000054   Code   RO         4590    i.USART_GetITStatus  stm32f10x_usart.o
    0x08005a6e   0x0000004a   Code   RO         4592    i.USART_ITConfig    stm32f10x_usart.o
    0x08005ab8   0x000000d8   Code   RO         4593    i.USART_Init        stm32f10x_usart.o
    0x08005b90   0x0000000a   Code   RO         4600    i.USART_ReceiveData  stm32f10x_usart.o
    0x08005b9a   0x00000008   Code   RO         4603    i.USART_SendData    stm32f10x_usart.o
    0x08005ba2   0x00000004   Code   RO          228    i.UsageFault_Handler  stm32f10x_it.o
    0x08005ba6   0x00000002   PAD
    0x08005ba8   0x000001a4   Code   RO         1040    i.WaveParsing       i2s.o
    0x08005d4c   0x00000028   Code   RO         6748    i.__0sprintf$3      mc_w.l(printf3.o)
    0x08005d74   0x0000000e   Code   RO         7003    i.__scatterload_copy  mc_w.l(handlers.o)
    0x08005d82   0x00000002   Code   RO         7004    i.__scatterload_null  mc_w.l(handlers.o)
    0x08005d84   0x0000000e   Code   RO         7005    i.__scatterload_zeroinit  mc_w.l(handlers.o)
    0x08005d92   0x00000002   PAD
    0x08005d94   0x000001b8   Code   RO         6753    i._printf_core      mc_w.l(printf3.o)
    0x08005f4c   0x0000000a   Code   RO         6755    i._sputc            mc_w.l(printf3.o)
    0x08005f56   0x00000002   PAD
    0x08005f58   0x00000040   Code   RO          335    i.active_request    gun.o
    0x08005f98   0x00000010   Code   RO          582    i.beep_init         beep.o
    0x08005fa8   0x0000002c   Code   RO          612    i.bulet_Read        bulet_box.o
    0x08005fd4   0x00000028   Code   RO          613    i.bulet_Write       bulet_box.o
    0x08005ffc   0x00000024   Code   RO          614    i.bulet_box_init    bulet_box.o
    0x08006020   0x00000010   Code   RO          695    i.bus_recieve       bus.o
    0x08006030   0x00000028   Code   RO          786    i.bus_recieve_string  esp8266.o
    0x08006058   0x00000018   Code   RO          696    i.bus_send          bus.o
    0x08006070   0x0000001c   Code   RO          787    i.bus_send_string   esp8266.o
    0x0800608c   0x00000022   Code   RO          336    i.char2u32          gun.o
    0x080060ae   0x00000002   PAD
    0x080060b0   0x00000050   Code   RO          789    i.close_conn        esp8266.o
    0x08006100   0x0000007c   Code   RO          790    i.connect_ap        esp8266.o
    0x0800617c   0x0000007c   Code   RO          723    i.e2prom_Reads      e2prom.o
    0x080061f8   0x00000090   Code   RO          725    i.e2prom_WritePage  e2prom.o
    0x08006288   0x0000007c   Code   RO          726    i.e2prom_Writes     e2prom.o
    0x08006304   0x00000020   Code   RO          727    i.e2prom_init       e2prom.o
    0x08006324   0x00000014   Code   RO          792    i.enbale_esp8266    esp8266.o
    0x08006338   0x00000002   Code   RO          337    i.err_log           gun.o
    0x0800633a   0x00000002   PAD
    0x0800633c   0x0000006c   Code   RO          794    i.esp8266_gpio_init  esp8266.o
    0x080063a8   0x00000064   Code   RO         1405    i.flash_bytes_read  spi_flash.o
    0x0800640c   0x0000000c   Code   RO          338    i.get_actived_state  gun.o
    0x08006418   0x0000001c   Code   RO          619    i.get_buletLeft     bulet_box.o
    0x08006434   0x00000004   Code   RO          339    i.get_deviceSubType  gun.o
    0x08006438   0x00000044   Code   RO          796    i.get_id            esp8266.o
    0x0800647c   0x00000010   Code   RO          797    i.get_ip_port       esp8266.o
    0x0800648c   0x00000014   Code   RO         1202    i.get_ip_suffix     key.o
    0x080064a0   0x00000004   Code   RO         1204    i.get_key_gpio      key.o
    0x080064a4   0x00000014   Code   RO         1205    i.get_key_sn        key.o
    0x080064b8   0x00000030   Code   RO          798    i.get_len           esp8266.o
    0x080064e8   0x00000004   Code   RO         1330    i.get_power         power.o
    0x080064ec   0x00000020   Code   RO          340    i.hb_task           gun.o
    0x0800650c   0x000000a8   Code   RO          998    i.i2c_init          i2c.o
    0x080065b4   0x0000003e   Code   RO          341    i.int2chars         gun.o
    0x080065f2   0x00000002   PAD
    0x080065f4   0x000000cc   Code   RO         1209    i.key_init          key.o
    0x080066c0   0x00000054   Code   RO          342    i.key_insert_cb     gun.o
    0x08006714   0x00000068   Code   RO         1210    i.key_state_machine_task  key.o
    0x0800677c   0x00000010   Code   RO          447    i.led_38k_init      38k.o
    0x0800678c   0x0000003e   Code   RO          448    i.led_38k_test      38k.o
    0x080067ca   0x00000002   PAD
    0x080067cc   0x0000002c   Code   RO         1292    i.led_off           led.o
    0x080067f8   0x0000006c   Code   RO          449    i.led_uart_init     38k.o
    0x08006864   0x00000064   Code   RO          200    i.main              main.o
    0x080068c8   0x00000050   Code   RO          343    i.main_loop         gun.o
    0x08006918   0x00000148   Code   RO          344    i.net_init          gun.o
    0x08006a60   0x00000020   Code   RO         1212    i.read_key_from_eeprom  key.o
    0x08006a80   0x000000ec   Code   RO          800    i.recv_data         esp8266.o
    0x08006b6c   0x00000048   Code   RO          345    i.recv_host_handler  gun.o
    0x08006bb4   0x00000010   Code   RO          346    i.recv_lcd_handler  gun.o
    0x08006bc4   0x00000010   Code   RO          347    i.recv_rifle_handler  gun.o
    0x08006bd4   0x00000060   Code   RO          348    i.recv_task         gun.o
    0x08006c34   0x0000001a   Code   RO          621    i.reduce_bulet      bulet_box.o
    0x08006c4e   0x00000002   PAD
    0x08006c50   0x0000000c   Code   RO          697    i.register_bus      bus.o
    0x08006c5c   0x00000014   Code   RO         1681    i.reset_buffer      usart.o
    0x08006c70   0x00000002   Code   RO          801    i.reset_esp8266     esp8266.o
    0x08006c72   0x00000002   PAD
    0x08006c74   0x00000088   Code   RO          802    i.send_data         esp8266.o
    0x08006cfc   0x0000001c   Code   RO          349    i.sendto_host       gun.o
    0x08006d18   0x0000005c   Code   RO          806    i.set_auto_conn     esp8266.o
    0x08006d74   0x00000054   Code   RO          808    i.set_echo          esp8266.o
    0x08006dc8   0x0000005c   Code   RO          809    i.set_ip            esp8266.o
    0x08006e24   0x0000006c   Code   RO          811    i.set_mode          esp8266.o
    0x08006e90   0x00000058   Code   RO          812    i.set_mux           esp8266.o
    0x08006ee8   0x0000000a   Code   RO         1414    i.spi_read_byte     spi_flash.o
    0x08006ef2   0x00000002   PAD
    0x08006ef4   0x00000038   Code   RO         1415    i.spi_write_byte    spi_flash.o
    0x08006f2c   0x0000009c   Code   RO          350    i.start_gun_tasks   gun.o
    0x08006fc8   0x00000052   Code   RO          815    i.str_include       esp8266.o
    0x0800701a   0x00000002   PAD
    0x0800701c   0x00000090   Code   RO         1639    i.trigger_init      trigger.o
    0x080070ac   0x00000074   Code   RO         1640    i.trigger_task      trigger.o
    0x08007120   0x00000020   Code   RO         1682    i.uart1_putc        usart.o
    0x08007140   0x00000020   Code   RO         1683    i.uart3_putc        usart.o
    0x08007160   0x0000004c   Code   RO         1684    i.uart3_recieve     usart.o
    0x080071ac   0x00000018   Code   RO         1685    i.uart3_send        usart.o
    0x080071c4   0x00000020   Code   RO          451    i.uart4_putchar     38k.o
    0x080071e4   0x00000174   Code   RO         1686    i.uart_inint        usart.o
    0x08007358   0x0000005c   Code   RO          816    i.udp_close         esp8266.o
    0x080073b4   0x000000dc   Code   RO          817    i.udp_setup         esp8266.o
    0x08007490   0x00000064   Code   RO          352    i.upload_heartbeat  gun.o
    0x080074f4   0x000000c4   Code   RO          353    i.upload_status_data  gun.o
    0x080075b8   0x000000c0   Code   RO         1043    i.wav_play_down     i2s.o
    0x08007678   0x000000b0   Code   RO         1044    i.wav_play_up       i2s.o
    0x08007728   0x0000005c   Code   RO         1045    i.wav_pre_read      i2s.o
    0x08007784   0x00000014   Code   RO          819    i.work_esp8266      esp8266.o
    0x08007798   0x00000018   Code   RO         1294    i.yellow_led_on     led.o
    0x080077b0   0x00000028   Data   RO          355    .constdata          gun.o
    0x080077d8   0x000000a4   Data   RO         5493    .constdata          os_cfg_app.o
    0x0800787c   0x0000016c   Data   RO         5761    .constdata          os_dbg.o
    0x080079e8   0x00000020   Data   RO         7001    Region$$Table       anon$$obj.o


    Execution Region RW_IRAM1 (Base: 0x20000000, Size: 0x00005560, Max: 0x0000c000, ABSOLUTE, COMPRESSED[0x00000060])

    Base Addr    Size         Type   Attr      Idx    E Section Name        Object

    0x20000000   0x00000006   Data   RW          356    .data               gun.o
    0x20000006   0x00000001   Data   RW          624    .data               bulet_box.o
    0x20000007   0x00000001   PAD
    0x20000008   0x00000008   Data   RW          698    .data               bus.o
    0x20000010   0x00000001   Data   RW          821    .data               esp8266.o
    0x20000011   0x00000003   PAD
    0x20000014   0x00000021   Data   RW         1047    .data               i2s.o
    0x20000035   0x00000003   PAD
    0x20000038   0x00000030   Data   RW         1215    .data               key.o
    0x20000068   0x00000104   Data   RW         1417    .data               spi_flash.o
    0x2000016c   0x00000010   Data   RW         1689    .data               usart.o
    0x2000017c   0x00000014   Data   RW         3434    .data               stm32f10x_rcc.o
    0x20000190   0x0000001c   Data   RW         4991    .data               cpu_core.o
    0x200001ac   0x00000004   Data   RW         5424    .data               os_cpu_c.o
    0x200001b0   0x00000008   Data   RW         6073    .data               os_prio.o
    0x200001b8   0x000000d8   Data   RW         6611    .data               os_var.o
    0x20000290   0x000004d0   Zero   RW          201    .bss                main.o
    0x20000760   0x000008a0   Zero   RW          354    .bss                gun.o
    0x20001000   0x00000034   Zero   RW          731    .bss                e2prom.o
    0x20001034   0x00000968   Zero   RW          820    .bss                esp8266.o
    0x2000199c   0x0000106c   Zero   RW         1046    .bss                i2s.o
    0x20002a08   0x000001f9   Zero   RW         1214    .bss                key.o
    0x20002c01   0x00000007   PAD
    0x20002c08   0x000001d0   Zero   RW         1641    .bss                trigger.o
    0x20002dd8   0x00000828   Zero   RW         1688    .bss                usart.o
    0x20003600   0x00001450   Zero   RW         5492    .bss                os_cfg_app.o
    0x20004a50   0x00000710   Zero   RW         6610    .bss                os_var.o
    0x20005160   0x00000400   Zero   RW         1752    STACK               startup_stm32f10x_hd.o


==============================================================================

Image component sizes


      Code (inc. data)   RO Data    RW Data    ZI Data      Debug   Object Name

       354         22          0          0          0       2510   38k.o
       160          8          0          0          0       1056   beep.o
        84          6          0          0          0     306184   bsp.o
       174         26          0          1          0       2419   bulet_box.o
        52         16          0          8          0       1820   bus.o
         0          0          0          0          0       1724   clothes.o
        42          0          0          0          0        240   cpu_a.o
       296         52          0         28          0       4820   cpu_core.o
       904         36          0          0         52       3937   e2prom.o
      1784        392          0          1       2408      12216   esp8266.o
      1382        216         40          6       2208       9828   gun.o
       168         12          0          0          0        587   i2c.o
      1766        230          0         33       4204       9517   i2s.o
       384         70          0         48        505       3746   key.o
       176         26          0          0          0       1265   led.o
       140         36          0          0       1232       1379   main.o
       132         22          0          0          0       3119   misc.o
         0          0          0          0          0      27844   os_app_hooks.o
       252        166        164          0       5200      19803   os_cfg_app.o
      2958        388          0          0          0      17819   os_core.o
       132         32          0          0          0        268   os_cpu_a.o
       640         66          0          4          0       6249   os_cpu_c.o
       432        286        364          0          0       4507   os_dbg.o
       746         28          0          0          0       2697   os_flag.o
      1092        194          0          0          0       3190   os_int.o
        24         10          0          0          0        709   os_mem.o
       436         22          0          0          0       3204   os_msg.o
        24         10          0          0          0        711   os_mutex.o
       136         16          0          8          0       2386   os_prio.o
       416         20          0          0          0       1930   os_q.o
      1268         62          0          0          0       4927   os_sem.o
      1068        158          0          0          0       2518   os_stat.o
      3996        184          0          0          0       9292   os_task.o
      1308        120          0          0          0       4777   os_tick.o
       960         46          0          0          0       2733   os_time.o
       812        134          0          0          0       3640   os_tmr.o
         0          0          0        216       1808      18418   os_var.o
         4          0          0          0          0        392   power.o
       402         38          0        260          0     230902   spi_flash.o
        36          8        304          0       1024        820   startup_stm32f10x_hd.o
       174         18          0          0          0      14132   stm32f10x_dma.o
       458          6          0          0          0      13206   stm32f10x_gpio.o
       520         20          0          0          0      16274   stm32f10x_i2c.o
        22          0          0          0          0       2711   stm32f10x_it.o
       340         44          0         20          0      14103   stm32f10x_rcc.o
       386          6          0          0          0      12488   stm32f10x_spi.o
       532         62          0          0          0      24425   stm32f10x_tim.o
       442          6          0          0          0      11929   stm32f10x_usart.o
       328         28          0          0          0       1809   system_stm32f10x.o
       260         48          0          0        464       1586   trigger.o
       704        114          0         16       2088       4764   usart.o

    ----------------------------------------------------------------------
     29348       3510        904        656      21200     853530   Object Totals
         0          0         32          0          0          0   (incl. Generated)
        42          0          0          7          7          0   (incl. Padding)

    ----------------------------------------------------------------------

      Code (inc. data)   RO Data    RW Data    ZI Data      Debug   Library Member Name

        86          0          0          0          0          0   __dczerorl2.o
         0          0          0          0          0          0   entry.o
         0          0          0          0          0          0   entry10a.o
         0          0          0          0          0          0   entry11a.o
         8          4          0          0          0          0   entry2.o
         4          0          0          0          0          0   entry5.o
         0          0          0          0          0          0   entry7b.o
         0          0          0          0          0          0   entry8b.o
         8          4          0          0          0          0   entry9a.o
        30          0          0          0          0          0   handlers.o
        36          8          0          0          0         68   init.o
        30          0          0          0          0         68   llshl.o
        32          0          0          0          0         68   llushr.o
        36          0          0          0          0         68   memcpya.o
        36          0          0          0          0        108   memseta.o
       490         10          0          0          0        252   printf3.o
        14          0          0          0          0         68   strlen.o
        30          0          0          0          0         80   strncmp.o
        44          0          0          0          0         80   uidiv.o
        98          0          0          0          0         92   uldiv.o

    ----------------------------------------------------------------------
       988         26          0          0          0        952   Library Totals
         6          0          0          0          0          0   (incl. Padding)

    ----------------------------------------------------------------------

      Code (inc. data)   RO Data    RW Data    ZI Data      Debug   Library Name

       982         26          0          0          0        952   mc_w.l

    ----------------------------------------------------------------------
       988         26          0          0          0        952   Library Totals

    ----------------------------------------------------------------------

==============================================================================


      Code (inc. data)   RO Data    RW Data    ZI Data      Debug   

     30336       3536        904        656      21200     840414   Grand Totals
     30336       3536        904         96      21200     840414   ELF Image Totals (compressed)
     30336       3536        904         96          0          0   ROM Totals

==============================================================================

    Total RO  Size (Code + RO Data)                31240 (  30.51kB)
    Total RW  Size (RW Data + ZI Data)             21856 (  21.34kB)
    Total ROM Size (Code + RO Data + RW Data)      31336 (  30.60kB)

==============================================================================

